2026-04-01 23:37:51 [INFO] src.pipeline: ============================================================
2026-04-01 23:37:51 [INFO] src.pipeline: DATA PIPELINE
2026-04-01 23:37:51 [INFO] src.pipeline: ============================================================
2026-04-01 23:37:51 [INFO] src.pipeline: 
--- Loading M5 data ---
2026-04-01 23:37:51 [INFO] src.data.ingest: Loading processed data from C:\RAHUL BOGI\RL_Session Trainings\xauusd_v3\data\processed\xauusd_M5.parquet
2026-04-01 23:37:51 [INFO] src.data.ingest:   226080 bars, 2022-01-03 00:00:00+00:00 to 2025-01-03 23:55:00+00:00
2026-04-01 23:37:51 [INFO] src.data.validator:   [XAUUSD_M5] Dropped 25 zero/neg volume rows
2026-04-01 23:37:51 [WARNING] src.data.validator:   [XAUUSD_M5] Found 156 gaps > 3× median interval (median=0 days 00:05:00, threshold=0 days 00:15:00)
2026-04-01 23:37:51 [WARNING] src.data.validator:     Gap at 2022-01-10 00:00:00+00:00: 2 days 00:05:00
2026-04-01 23:37:51 [WARNING] src.data.validator:     Gap at 2022-01-17 00:00:00+00:00: 2 days 00:05:00
2026-04-01 23:37:51 [WARNING] src.data.validator:     Gap at 2022-01-24 00:00:00+00:00: 2 days 00:05:00
2026-04-01 23:37:51 [WARNING] src.data.validator:     Gap at 2022-01-31 00:00:00+00:00: 2 days 00:05:00
2026-04-01 23:37:51 [WARNING] src.data.validator:     Gap at 2022-02-07 00:00:00+00:00: 2 days 00:05:00
2026-04-01 23:37:51 [WARNING] src.data.validator:     ... and 151 more gaps
2026-04-01 23:37:51 [INFO] src.data.validator:   [XAUUSD_M5] Validation complete: 226055 clean bars, 2022-01-03 00:00:00+00:00 to 2025-01-03 23:55:00+00:00
2026-04-01 23:37:51 [WARNING] src.data.indicators: pandas-ta not installed, computing indicators manually
2026-04-01 23:37:52 [INFO] src.pipeline:   M5: 226055 bars, 785 trading days
2026-04-01 23:37:52 [INFO] src.pipeline: 
--- Loading M15 data ---
2026-04-01 23:37:52 [INFO] src.data.ingest: Loading processed data from C:\RAHUL BOGI\RL_Session Trainings\xauusd_v3\data\processed\xauusd_M15.parquet
2026-04-01 23:37:52 [INFO] src.data.ingest:   75360 bars, 2022-01-03 00:00:00+00:00 to 2025-01-03 23:45:00+00:00
2026-04-01 23:37:52 [INFO] src.data.validator:   [XAUUSD_M15] Dropped 14 zero/neg volume rows
2026-04-01 23:37:52 [WARNING] src.data.validator:   [XAUUSD_M15] Found 156 gaps > 3× median interval (median=0 days 00:15:00, threshold=0 days 00:45:00)
2026-04-01 23:37:52 [WARNING] src.data.validator:     Gap at 2022-01-10 00:00:00+00:00: 2 days 00:15:00
2026-04-01 23:37:52 [WARNING] src.data.validator:     Gap at 2022-01-17 00:00:00+00:00: 2 days 00:15:00
2026-04-01 23:37:52 [WARNING] src.data.validator:     Gap at 2022-01-24 00:00:00+00:00: 2 days 00:15:00
2026-04-01 23:37:52 [WARNING] src.data.validator:     Gap at 2022-01-31 00:00:00+00:00: 2 days 00:15:00
2026-04-01 23:37:52 [WARNING] src.data.validator:     Gap at 2022-02-07 00:00:00+00:00: 2 days 00:15:00
2026-04-01 23:37:52 [WARNING] src.data.validator:     ... and 151 more gaps
2026-04-01 23:37:52 [INFO] src.data.validator:   [XAUUSD_M15] Validation complete: 75346 clean bars, 2022-01-03 00:00:00+00:00 to 2025-01-03 23:45:00+00:00
2026-04-01 23:37:52 [WARNING] src.data.indicators: pandas-ta not installed, computing indicators manually
2026-04-01 23:37:52 [INFO] src.pipeline:   M15: 75346 bars, 785 trading days
2026-04-01 23:37:52 [INFO] src.data.validator:   Train:    49910 bars (520 days)
2026-04-01 23:37:52 [INFO] src.data.validator:   Validate: 12478 bars (130 days)
2026-04-01 23:37:52 [INFO] src.data.validator:   Test:     12670 bars (132 days)
2026-04-01 23:38:06 [INFO] src.pipeline: 
Pipeline summary:
2026-04-01 23:38:06 [INFO] src.pipeline:   Train days:    520
2026-04-01 23:38:06 [INFO] src.pipeline:   Validate days: 130
2026-04-01 23:38:06 [INFO] src.pipeline:   Test days:     132
2026-04-01 23:38:06 [INFO] src.pipeline:   Total:         782
2026-04-01 23:38:13 [INFO] src.pipeline: ============================================================
2026-04-01 23:38:13 [INFO] src.pipeline: STEP 2: TRAINING LENS 1 — LONDON OBSERVER
2026-04-01 23:38:13 [INFO] src.pipeline: ============================================================
2026-04-01 23:38:17 [INFO] src.lens1.agent: Created Lens 1 PPO agent:
2026-04-01 23:38:17 [INFO] src.lens1.agent:   Policy: MlpPolicy, arch=[256, 128, 64], activation=Tanh
2026-04-01 23:38:17 [INFO] src.lens1.agent:   LR=0.0003, n_steps=2048, batch=64
2026-04-01 23:38:17 [INFO] src.lens1.agent:   ent_coef_start=0.05
2026-04-01 23:38:17 [INFO] src.lens1.agent: Training Lens 1: 500000 timesteps
C:\Users\rahul\AppData\Local\Python\pythoncore-3.14-64\Lib\site-packages\stable_baselines3\common\evaluation.py:70: UserWarning: Evaluation environment is not wrapped with a ``Monitor`` wrapper. This may result in reporting modified episode lengths and rewards, if other wrappers happen to modify these. Consider wrapping environment first with ``Monitor`` wrapper.
  warnings.warn(
C:\Users\rahul\AppData\Local\Python\pythoncore-3.14-64\Lib\site-packages\stable_baselines3\common\evaluation.py:70: UserWarning: Evaluation environment is not wrapped with a ``Monitor`` wrapper. This may result in reporting modified episode lengths and rewards, if other wrappers happen to modify these. Consider wrapping environment first with ``Monitor`` wrapper.
  warnings.warn(
C:\Users\rahul\AppData\Local\Python\pythoncore-3.14-64\Lib\site-packages\stable_baselines3\common\evaluation.py:70: UserWarning: Evaluation environment is not wrapped with a ``Monitor`` wrapper. This may result in reporting modified episode lengths and rewards, if other wrappers happen to modify these. Consider wrapping environment first with ``Monitor`` wrapper.
  warnings.warn(
C:\Users\rahul\AppData\Local\Python\pythoncore-3.14-64\Lib\site-packages\stable_baselines3\common\evaluation.py:70: UserWarning: Evaluation environment is not wrapped with a ``Monitor`` wrapper. This may result in reporting modified episode lengths and rewards, if other wrappers happen to modify these. Consider wrapping environment first with ``Monitor`` wrapper.
  warnings.warn(
C:\Users\rahul\AppData\Local\Python\pythoncore-3.14-64\Lib\site-packages\stable_baselines3\common\evaluation.py:70: UserWarning: Evaluation environment is not wrapped with a ``Monitor`` wrapper. This may result in reporting modified episode lengths and rewards, if other wrappers happen to modify these. Consider wrapping environment first with ``Monitor`` wrapper.
  warnings.warn(
C:\Users\rahul\AppData\Local\Python\pythoncore-3.14-64\Lib\site-packages\stable_baselines3\common\evaluation.py:70: UserWarning: Evaluation environment is not wrapped with a ``Monitor`` wrapper. This may result in reporting modified episode lengths and rewards, if other wrappers happen to modify these. Consider wrapping environment first with ``Monitor`` wrapper.
  warnings.warn(
C:\Users\rahul\AppData\Local\Python\pythoncore-3.14-64\Lib\site-packages\stable_baselines3\common\evaluation.py:70: UserWarning: Evaluation environment is not wrapped with a ``Monitor`` wrapper. This may result in reporting modified episode lengths and rewards, if other wrappers happen to modify these. Consider wrapping environment first with ``Monitor`` wrapper.
  warnings.warn(
C:\Users\rahul\AppData\Local\Python\pythoncore-3.14-64\Lib\site-packages\stable_baselines3\common\evaluation.py:70: UserWarning: Evaluation environment is not wrapped with a ``Monitor`` wrapper. This may result in reporting modified episode lengths and rewards, if other wrappers happen to modify these. Consider wrapping environment first with ``Monitor`` wrapper.
  warnings.warn(
C:\Users\rahul\AppData\Local\Python\pythoncore-3.14-64\Lib\site-packages\stable_baselines3\common\evaluation.py:70: UserWarning: Evaluation environment is not wrapped with a ``Monitor`` wrapper. This may result in reporting modified episode lengths and rewards, if other wrappers happen to modify these. Consider wrapping environment first with ``Monitor`` wrapper.
  warnings.warn(
C:\Users\rahul\AppData\Local\Python\pythoncore-3.14-64\Lib\site-packages\stable_baselines3\common\evaluation.py:70: UserWarning: Evaluation environment is not wrapped with a ``Monitor`` wrapper. This may result in reporting modified episode lengths and rewards, if other wrappers happen to modify these. Consider wrapping environment first with ``Monitor`` wrapper.
  warnings.warn(
C:\Users\rahul\AppData\Local\Python\pythoncore-3.14-64\Lib\site-packages\stable_baselines3\common\evaluation.py:70: UserWarning: Evaluation environment is not wrapped with a ``Monitor`` wrapper. This may result in reporting modified episode lengths and rewards, if other wrappers happen to modify these. Consider wrapping environment first with ``Monitor`` wrapper.
  warnings.warn(
C:\Users\rahul\AppData\Local\Python\pythoncore-3.14-64\Lib\site-packages\stable_baselines3\common\evaluation.py:70: UserWarning: Evaluation environment is not wrapped with a ``Monitor`` wrapper. This may result in reporting modified episode lengths and rewards, if other wrappers happen to modify these. Consider wrapping environment first with ``Monitor`` wrapper.
  warnings.warn(
C:\Users\rahul\AppData\Local\Python\pythoncore-3.14-64\Lib\site-packages\stable_baselines3\common\evaluation.py:70: UserWarning: Evaluation environment is not wrapped with a ``Monitor`` wrapper. This may result in reporting modified episode lengths and rewards, if other wrappers happen to modify these. Consider wrapping environment first with ``Monitor`` wrapper.
  warnings.warn(
C:\Users\rahul\AppData\Local\Python\pythoncore-3.14-64\Lib\site-packages\stable_baselines3\common\evaluation.py:70: UserWarning: Evaluation environment is not wrapped with a ``Monitor`` wrapper. This may result in reporting modified episode lengths and rewards, if other wrappers happen to modify these. Consider wrapping environment first with ``Monitor`` wrapper.
  warnings.warn(
C:\Users\rahul\AppData\Local\Python\pythoncore-3.14-64\Lib\site-packages\stable_baselines3\common\evaluation.py:70: UserWarning: Evaluation environment is not wrapped with a ``Monitor`` wrapper. This may result in reporting modified episode lengths and rewards, if other wrappers happen to modify these. Consider wrapping environment first with ``Monitor`` wrapper.
  warnings.warn(
C:\Users\rahul\AppData\Local\Python\pythoncore-3.14-64\Lib\site-packages\stable_baselines3\common\evaluation.py:70: UserWarning: Evaluation environment is not wrapped with a ``Monitor`` wrapper. This may result in reporting modified episode lengths and rewards, if other wrappers happen to modify these. Consider wrapping environment first with ``Monitor`` wrapper.
  warnings.warn(
C:\Users\rahul\AppData\Local\Python\pythoncore-3.14-64\Lib\site-packages\stable_baselines3\common\evaluation.py:70: UserWarning: Evaluation environment is not wrapped with a ``Monitor`` wrapper. This may result in reporting modified episode lengths and rewards, if other wrappers happen to modify these. Consider wrapping environment first with ``Monitor`` wrapper.
  warnings.warn(
C:\Users\rahul\AppData\Local\Python\pythoncore-3.14-64\Lib\site-packages\stable_baselines3\common\evaluation.py:70: UserWarning: Evaluation environment is not wrapped with a ``Monitor`` wrapper. This may result in reporting modified episode lengths and rewards, if other wrappers happen to modify these. Consider wrapping environment first with ``Monitor`` wrapper.
  warnings.warn(
C:\Users\rahul\AppData\Local\Python\pythoncore-3.14-64\Lib\site-packages\stable_baselines3\common\evaluation.py:70: UserWarning: Evaluation environment is not wrapped with a ``Monitor`` wrapper. This may result in reporting modified episode lengths and rewards, if other wrappers happen to modify these. Consider wrapping environment first with ``Monitor`` wrapper.
  warnings.warn(
C:\Users\rahul\AppData\Local\Python\pythoncore-3.14-64\Lib\site-packages\stable_baselines3\common\evaluation.py:70: UserWarning: Evaluation environment is not wrapped with a ``Monitor`` wrapper. This may result in reporting modified episode lengths and rewards, if other wrappers happen to modify these. Consider wrapping environment first with ``Monitor`` wrapper.
  warnings.warn(
C:\Users\rahul\AppData\Local\Python\pythoncore-3.14-64\Lib\site-packages\stable_baselines3\common\evaluation.py:70: UserWarning: Evaluation environment is not wrapped with a ``Monitor`` wrapper. This may result in reporting modified episode lengths and rewards, if other wrappers happen to modify these. Consider wrapping environment first with ``Monitor`` wrapper.
  warnings.warn(
C:\Users\rahul\AppData\Local\Python\pythoncore-3.14-64\Lib\site-packages\stable_baselines3\common\evaluation.py:70: UserWarning: Evaluation environment is not wrapped with a ``Monitor`` wrapper. This may result in reporting modified episode lengths and rewards, if other wrappers happen to modify these. Consider wrapping environment first with ``Monitor`` wrapper.
  warnings.warn(
C:\Users\rahul\AppData\Local\Python\pythoncore-3.14-64\Lib\site-packages\stable_baselines3\common\evaluation.py:70: UserWarning: Evaluation environment is not wrapped with a ``Monitor`` wrapper. This may result in reporting modified episode lengths and rewards, if other wrappers happen to modify these. Consider wrapping environment first with ``Monitor`` wrapper.
  warnings.warn(
C:\Users\rahul\AppData\Local\Python\pythoncore-3.14-64\Lib\site-packages\stable_baselines3\common\evaluation.py:70: UserWarning: Evaluation environment is not wrapped with a ``Monitor`` wrapper. This may result in reporting modified episode lengths and rewards, if other wrappers happen to modify these. Consider wrapping environment first with ``Monitor`` wrapper.
  warnings.warn(
C:\Users\rahul\AppData\Local\Python\pythoncore-3.14-64\Lib\site-packages\stable_baselines3\common\evaluation.py:70: UserWarning: Evaluation environment is not wrapped with a ``Monitor`` wrapper. This may result in reporting modified episode lengths and rewards, if other wrappers happen to modify these. Consider wrapping environment first with ``Monitor`` wrapper.
  warnings.warn(
C:\Users\rahul\AppData\Local\Python\pythoncore-3.14-64\Lib\site-packages\stable_baselines3\common\evaluation.py:70: UserWarning: Evaluation environment is not wrapped with a ``Monitor`` wrapper. This may result in reporting modified episode lengths and rewards, if other wrappers happen to modify these. Consider wrapping environment first with ``Monitor`` wrapper.
  warnings.warn(
C:\Users\rahul\AppData\Local\Python\pythoncore-3.14-64\Lib\site-packages\stable_baselines3\common\evaluation.py:70: UserWarning: Evaluation environment is not wrapped with a ``Monitor`` wrapper. This may result in reporting modified episode lengths and rewards, if other wrappers happen to modify these. Consider wrapping environment first with ``Monitor`` wrapper.
  warnings.warn(
C:\Users\rahul\AppData\Local\Python\pythoncore-3.14-64\Lib\site-packages\stable_baselines3\common\evaluation.py:70: UserWarning: Evaluation environment is not wrapped with a ``Monitor`` wrapper. This may result in reporting modified episode lengths and rewards, if other wrappers happen to modify these. Consider wrapping environment first with ``Monitor`` wrapper.
  warnings.warn(
C:\Users\rahul\AppData\Local\Python\pythoncore-3.14-64\Lib\site-packages\stable_baselines3\common\evaluation.py:70: UserWarning: Evaluation environment is not wrapped with a ``Monitor`` wrapper. This may result in reporting modified episode lengths and rewards, if other wrappers happen to modify these. Consider wrapping environment first with ``Monitor`` wrapper.
  warnings.warn(
C:\Users\rahul\AppData\Local\Python\pythoncore-3.14-64\Lib\site-packages\stable_baselines3\common\evaluation.py:70: UserWarning: Evaluation environment is not wrapped with a ``Monitor`` wrapper. This may result in reporting modified episode lengths and rewards, if other wrappers happen to modify these. Consider wrapping environment first with ``Monitor`` wrapper.
  warnings.warn(
C:\Users\rahul\AppData\Local\Python\pythoncore-3.14-64\Lib\site-packages\stable_baselines3\common\evaluation.py:70: UserWarning: Evaluation environment is not wrapped with a ``Monitor`` wrapper. This may result in reporting modified episode lengths and rewards, if other wrappers happen to modify these. Consider wrapping environment first with ``Monitor`` wrapper.
  warnings.warn(
C:\Users\rahul\AppData\Local\Python\pythoncore-3.14-64\Lib\site-packages\stable_baselines3\common\evaluation.py:70: UserWarning: Evaluation environment is not wrapped with a ``Monitor`` wrapper. This may result in reporting modified episode lengths and rewards, if other wrappers happen to modify these. Consider wrapping environment first with ``Monitor`` wrapper.
  warnings.warn(
C:\Users\rahul\AppData\Local\Python\pythoncore-3.14-64\Lib\site-packages\stable_baselines3\common\evaluation.py:70: UserWarning: Evaluation environment is not wrapped with a ``Monitor`` wrapper. This may result in reporting modified episode lengths and rewards, if other wrappers happen to modify these. Consider wrapping environment first with ``Monitor`` wrapper.
  warnings.warn(
C:\Users\rahul\AppData\Local\Python\pythoncore-3.14-64\Lib\site-packages\stable_baselines3\common\evaluation.py:70: UserWarning: Evaluation environment is not wrapped with a ``Monitor`` wrapper. This may result in reporting modified episode lengths and rewards, if other wrappers happen to modify these. Consider wrapping environment first with ``Monitor`` wrapper.
  warnings.warn(
C:\Users\rahul\AppData\Local\Python\pythoncore-3.14-64\Lib\site-packages\stable_baselines3\common\evaluation.py:70: UserWarning: Evaluation environment is not wrapped with a ``Monitor`` wrapper. This may result in reporting modified episode lengths and rewards, if other wrappers happen to modify these. Consider wrapping environment first with ``Monitor`` wrapper.
  warnings.warn(
C:\Users\rahul\AppData\Local\Python\pythoncore-3.14-64\Lib\site-packages\stable_baselines3\common\evaluation.py:70: UserWarning: Evaluation environment is not wrapped with a ``Monitor`` wrapper. This may result in reporting modified episode lengths and rewards, if other wrappers happen to modify these. Consider wrapping environment first with ``Monitor`` wrapper.
  warnings.warn(
C:\Users\rahul\AppData\Local\Python\pythoncore-3.14-64\Lib\site-packages\stable_baselines3\common\evaluation.py:70: UserWarning: Evaluation environment is not wrapped with a ``Monitor`` wrapper. This may result in reporting modified episode lengths and rewards, if other wrappers happen to modify these. Consider wrapping environment first with ``Monitor`` wrapper.
  warnings.warn(
C:\Users\rahul\AppData\Local\Python\pythoncore-3.14-64\Lib\site-packages\stable_baselines3\common\evaluation.py:70: UserWarning: Evaluation environment is not wrapped with a ``Monitor`` wrapper. This may result in reporting modified episode lengths and rewards, if other wrappers happen to modify these. Consider wrapping environment first with ``Monitor`` wrapper.
  warnings.warn(
C:\Users\rahul\AppData\Local\Python\pythoncore-3.14-64\Lib\site-packages\stable_baselines3\common\evaluation.py:70: UserWarning: Evaluation environment is not wrapped with a ``Monitor`` wrapper. This may result in reporting modified episode lengths and rewards, if other wrappers happen to modify these. Consider wrapping environment first with ``Monitor`` wrapper.
  warnings.warn(
C:\Users\rahul\AppData\Local\Python\pythoncore-3.14-64\Lib\site-packages\stable_baselines3\common\evaluation.py:70: UserWarning: Evaluation environment is not wrapped with a ``Monitor`` wrapper. This may result in reporting modified episode lengths and rewards, if other wrappers happen to modify these. Consider wrapping environment first with ``Monitor`` wrapper.
  warnings.warn(
C:\Users\rahul\AppData\Local\Python\pythoncore-3.14-64\Lib\site-packages\stable_baselines3\common\evaluation.py:70: UserWarning: Evaluation environment is not wrapped with a ``Monitor`` wrapper. This may result in reporting modified episode lengths and rewards, if other wrappers happen to modify these. Consider wrapping environment first with ``Monitor`` wrapper.
  warnings.warn(
C:\Users\rahul\AppData\Local\Python\pythoncore-3.14-64\Lib\site-packages\stable_baselines3\common\evaluation.py:70: UserWarning: Evaluation environment is not wrapped with a ``Monitor`` wrapper. This may result in reporting modified episode lengths and rewards, if other wrappers happen to modify these. Consider wrapping environment first with ``Monitor`` wrapper.
  warnings.warn(
C:\Users\rahul\AppData\Local\Python\pythoncore-3.14-64\Lib\site-packages\stable_baselines3\common\evaluation.py:70: UserWarning: Evaluation environment is not wrapped with a ``Monitor`` wrapper. This may result in reporting modified episode lengths and rewards, if other wrappers happen to modify these. Consider wrapping environment first with ``Monitor`` wrapper.
  warnings.warn(
C:\Users\rahul\AppData\Local\Python\pythoncore-3.14-64\Lib\site-packages\stable_baselines3\common\evaluation.py:70: UserWarning: Evaluation environment is not wrapped with a ``Monitor`` wrapper. This may result in reporting modified episode lengths and rewards, if other wrappers happen to modify these. Consider wrapping environment first with ``Monitor`` wrapper.
  warnings.warn(
C:\Users\rahul\AppData\Local\Python\pythoncore-3.14-64\Lib\site-packages\stable_baselines3\common\evaluation.py:70: UserWarning: Evaluation environment is not wrapped with a ``Monitor`` wrapper. This may result in reporting modified episode lengths and rewards, if other wrappers happen to modify these. Consider wrapping environment first with ``Monitor`` wrapper.
  warnings.warn(
C:\Users\rahul\AppData\Local\Python\pythoncore-3.14-64\Lib\site-packages\stable_baselines3\common\evaluation.py:70: UserWarning: Evaluation environment is not wrapped with a ``Monitor`` wrapper. This may result in reporting modified episode lengths and rewards, if other wrappers happen to modify these. Consider wrapping environment first with ``Monitor`` wrapper.
  warnings.warn(
C:\Users\rahul\AppData\Local\Python\pythoncore-3.14-64\Lib\site-packages\stable_baselines3\common\evaluation.py:70: UserWarning: Evaluation environment is not wrapped with a ``Monitor`` wrapper. This may result in reporting modified episode lengths and rewards, if other wrappers happen to modify these. Consider wrapping environment first with ``Monitor`` wrapper.
  warnings.warn(
C:\Users\rahul\AppData\Local\Python\pythoncore-3.14-64\Lib\site-packages\stable_baselines3\common\evaluation.py:70: UserWarning: Evaluation environment is not wrapped with a ``Monitor`` wrapper. This may result in reporting modified episode lengths and rewards, if other wrappers happen to modify these. Consider wrapping environment first with ``Monitor`` wrapper.
  warnings.warn(
C:\Users\rahul\AppData\Local\Python\pythoncore-3.14-64\Lib\site-packages\stable_baselines3\common\evaluation.py:70: UserWarning: Evaluation environment is not wrapped with a ``Monitor`` wrapper. This may result in reporting modified episode lengths and rewards, if other wrappers happen to modify these. Consider wrapping environment first with ``Monitor`` wrapper.
  warnings.warn(
C:\Users\rahul\AppData\Local\Python\pythoncore-3.14-64\Lib\site-packages\stable_baselines3\common\evaluation.py:70: UserWarning: Evaluation environment is not wrapped with a ``Monitor`` wrapper. This may result in reporting modified episode lengths and rewards, if other wrappers happen to modify these. Consider wrapping environment first with ``Monitor`` wrapper.
  warnings.warn(
C:\Users\rahul\AppData\Local\Python\pythoncore-3.14-64\Lib\site-packages\stable_baselines3\common\evaluation.py:70: UserWarning: Evaluation environment is not wrapped with a ``Monitor`` wrapper. This may result in reporting modified episode lengths and rewards, if other wrappers happen to modify these. Consider wrapping environment first with ``Monitor`` wrapper.
  warnings.warn(
C:\Users\rahul\AppData\Local\Python\pythoncore-3.14-64\Lib\site-packages\stable_baselines3\common\evaluation.py:70: UserWarning: Evaluation environment is not wrapped with a ``Monitor`` wrapper. This may result in reporting modified episode lengths and rewards, if other wrappers happen to modify these. Consider wrapping environment first with ``Monitor`` wrapper.
  warnings.warn(
C:\Users\rahul\AppData\Local\Python\pythoncore-3.14-64\Lib\site-packages\stable_baselines3\common\evaluation.py:70: UserWarning: Evaluation environment is not wrapped with a ``Monitor`` wrapper. This may result in reporting modified episode lengths and rewards, if other wrappers happen to modify these. Consider wrapping environment first with ``Monitor`` wrapper.
  warnings.warn(
C:\Users\rahul\AppData\Local\Python\pythoncore-3.14-64\Lib\site-packages\stable_baselines3\common\evaluation.py:70: UserWarning: Evaluation environment is not wrapped with a ``Monitor`` wrapper. This may result in reporting modified episode lengths and rewards, if other wrappers happen to modify these. Consider wrapping environment first with ``Monitor`` wrapper.
  warnings.warn(
C:\Users\rahul\AppData\Local\Python\pythoncore-3.14-64\Lib\site-packages\stable_baselines3\common\evaluation.py:70: UserWarning: Evaluation environment is not wrapped with a ``Monitor`` wrapper. This may result in reporting modified episode lengths and rewards, if other wrappers happen to modify these. Consider wrapping environment first with ``Monitor`` wrapper.
  warnings.warn(
C:\Users\rahul\AppData\Local\Python\pythoncore-3.14-64\Lib\site-packages\stable_baselines3\common\evaluation.py:70: UserWarning: Evaluation environment is not wrapped with a ``Monitor`` wrapper. This may result in reporting modified episode lengths and rewards, if other wrappers happen to modify these. Consider wrapping environment first with ``Monitor`` wrapper.
  warnings.warn(
C:\Users\rahul\AppData\Local\Python\pythoncore-3.14-64\Lib\site-packages\stable_baselines3\common\evaluation.py:70: UserWarning: Evaluation environment is not wrapped with a ``Monitor`` wrapper. This may result in reporting modified episode lengths and rewards, if other wrappers happen to modify these. Consider wrapping environment first with ``Monitor`` wrapper.
  warnings.warn(
C:\Users\rahul\AppData\Local\Python\pythoncore-3.14-64\Lib\site-packages\stable_baselines3\common\evaluation.py:70: UserWarning: Evaluation environment is not wrapped with a ``Monitor`` wrapper. This may result in reporting modified episode lengths and rewards, if other wrappers happen to modify these. Consider wrapping environment first with ``Monitor`` wrapper.
  warnings.warn(
C:\Users\rahul\AppData\Local\Python\pythoncore-3.14-64\Lib\site-packages\stable_baselines3\common\evaluation.py:70: UserWarning: Evaluation environment is not wrapped with a ``Monitor`` wrapper. This may result in reporting modified episode lengths and rewards, if other wrappers happen to modify these. Consider wrapping environment first with ``Monitor`` wrapper.
  warnings.warn(
C:\Users\rahul\AppData\Local\Python\pythoncore-3.14-64\Lib\site-packages\stable_baselines3\common\evaluation.py:70: UserWarning: Evaluation environment is not wrapped with a ``Monitor`` wrapper. This may result in reporting modified episode lengths and rewards, if other wrappers happen to modify these. Consider wrapping environment first with ``Monitor`` wrapper.
  warnings.warn(
C:\Users\rahul\AppData\Local\Python\pythoncore-3.14-64\Lib\site-packages\stable_baselines3\common\evaluation.py:70: UserWarning: Evaluation environment is not wrapped with a ``Monitor`` wrapper. This may result in reporting modified episode lengths and rewards, if other wrappers happen to modify these. Consider wrapping environment first with ``Monitor`` wrapper.
  warnings.warn(
C:\Users\rahul\AppData\Local\Python\pythoncore-3.14-64\Lib\site-packages\stable_baselines3\common\evaluation.py:70: UserWarning: Evaluation environment is not wrapped with a ``Monitor`` wrapper. This may result in reporting modified episode lengths and rewards, if other wrappers happen to modify these. Consider wrapping environment first with ``Monitor`` wrapper.
  warnings.warn(
C:\Users\rahul\AppData\Local\Python\pythoncore-3.14-64\Lib\site-packages\stable_baselines3\common\evaluation.py:70: UserWarning: Evaluation environment is not wrapped with a ``Monitor`` wrapper. This may result in reporting modified episode lengths and rewards, if other wrappers happen to modify these. Consider wrapping environment first with ``Monitor`` wrapper.
  warnings.warn(
C:\Users\rahul\AppData\Local\Python\pythoncore-3.14-64\Lib\site-packages\stable_baselines3\common\evaluation.py:70: UserWarning: Evaluation environment is not wrapped with a ``Monitor`` wrapper. This may result in reporting modified episode lengths and rewards, if other wrappers happen to modify these. Consider wrapping environment first with ``Monitor`` wrapper.
  warnings.warn(
C:\Users\rahul\AppData\Local\Python\pythoncore-3.14-64\Lib\site-packages\stable_baselines3\common\evaluation.py:70: UserWarning: Evaluation environment is not wrapped with a ``Monitor`` wrapper. This may result in reporting modified episode lengths and rewards, if other wrappers happen to modify these. Consider wrapping environment first with ``Monitor`` wrapper.
  warnings.warn(
C:\Users\rahul\AppData\Local\Python\pythoncore-3.14-64\Lib\site-packages\stable_baselines3\common\evaluation.py:70: UserWarning: Evaluation environment is not wrapped with a ``Monitor`` wrapper. This may result in reporting modified episode lengths and rewards, if other wrappers happen to modify these. Consider wrapping environment first with ``Monitor`` wrapper.
  warnings.warn(
C:\Users\rahul\AppData\Local\Python\pythoncore-3.14-64\Lib\site-packages\stable_baselines3\common\evaluation.py:70: UserWarning: Evaluation environment is not wrapped with a ``Monitor`` wrapper. This may result in reporting modified episode lengths and rewards, if other wrappers happen to modify these. Consider wrapping environment first with ``Monitor`` wrapper.
  warnings.warn(
C:\Users\rahul\AppData\Local\Python\pythoncore-3.14-64\Lib\site-packages\stable_baselines3\common\evaluation.py:70: UserWarning: Evaluation environment is not wrapped with a ``Monitor`` wrapper. This may result in reporting modified episode lengths and rewards, if other wrappers happen to modify these. Consider wrapping environment first with ``Monitor`` wrapper.
  warnings.warn(
C:\Users\rahul\AppData\Local\Python\pythoncore-3.14-64\Lib\site-packages\stable_baselines3\common\evaluation.py:70: UserWarning: Evaluation environment is not wrapped with a ``Monitor`` wrapper. This may result in reporting modified episode lengths and rewards, if other wrappers happen to modify these. Consider wrapping environment first with ``Monitor`` wrapper.
  warnings.warn(
C:\Users\rahul\AppData\Local\Python\pythoncore-3.14-64\Lib\site-packages\stable_baselines3\common\evaluation.py:70: UserWarning: Evaluation environment is not wrapped with a ``Monitor`` wrapper. This may result in reporting modified episode lengths and rewards, if other wrappers happen to modify these. Consider wrapping environment first with ``Monitor`` wrapper.
  warnings.warn(
C:\Users\rahul\AppData\Local\Python\pythoncore-3.14-64\Lib\site-packages\stable_baselines3\common\evaluation.py:70: UserWarning: Evaluation environment is not wrapped with a ``Monitor`` wrapper. This may result in reporting modified episode lengths and rewards, if other wrappers happen to modify these. Consider wrapping environment first with ``Monitor`` wrapper.
  warnings.warn(
C:\Users\rahul\AppData\Local\Python\pythoncore-3.14-64\Lib\site-packages\stable_baselines3\common\evaluation.py:70: UserWarning: Evaluation environment is not wrapped with a ``Monitor`` wrapper. This may result in reporting modified episode lengths and rewards, if other wrappers happen to modify these. Consider wrapping environment first with ``Monitor`` wrapper.
  warnings.warn(
C:\Users\rahul\AppData\Local\Python\pythoncore-3.14-64\Lib\site-packages\stable_baselines3\common\evaluation.py:70: UserWarning: Evaluation environment is not wrapped with a ``Monitor`` wrapper. This may result in reporting modified episode lengths and rewards, if other wrappers happen to modify these. Consider wrapping environment first with ``Monitor`` wrapper.
  warnings.warn(
C:\Users\rahul\AppData\Local\Python\pythoncore-3.14-64\Lib\site-packages\stable_baselines3\common\evaluation.py:70: UserWarning: Evaluation environment is not wrapped with a ``Monitor`` wrapper. This may result in reporting modified episode lengths and rewards, if other wrappers happen to modify these. Consider wrapping environment first with ``Monitor`` wrapper.
  warnings.warn(
C:\Users\rahul\AppData\Local\Python\pythoncore-3.14-64\Lib\site-packages\stable_baselines3\common\evaluation.py:70: UserWarning: Evaluation environment is not wrapped with a ``Monitor`` wrapper. This may result in reporting modified episode lengths and rewards, if other wrappers happen to modify these. Consider wrapping environment first with ``Monitor`` wrapper.
  warnings.warn(
C:\Users\rahul\AppData\Local\Python\pythoncore-3.14-64\Lib\site-packages\stable_baselines3\common\evaluation.py:70: UserWarning: Evaluation environment is not wrapped with a ``Monitor`` wrapper. This may result in reporting modified episode lengths and rewards, if other wrappers happen to modify these. Consider wrapping environment first with ``Monitor`` wrapper.
  warnings.warn(
C:\Users\rahul\AppData\Local\Python\pythoncore-3.14-64\Lib\site-packages\stable_baselines3\common\evaluation.py:70: UserWarning: Evaluation environment is not wrapped with a ``Monitor`` wrapper. This may result in reporting modified episode lengths and rewards, if other wrappers happen to modify these. Consider wrapping environment first with ``Monitor`` wrapper.
  warnings.warn(
C:\Users\rahul\AppData\Local\Python\pythoncore-3.14-64\Lib\site-packages\stable_baselines3\common\evaluation.py:70: UserWarning: Evaluation environment is not wrapped with a ``Monitor`` wrapper. This may result in reporting modified episode lengths and rewards, if other wrappers happen to modify these. Consider wrapping environment first with ``Monitor`` wrapper.
  warnings.warn(
C:\Users\rahul\AppData\Local\Python\pythoncore-3.14-64\Lib\site-packages\stable_baselines3\common\evaluation.py:70: UserWarning: Evaluation environment is not wrapped with a ``Monitor`` wrapper. This may result in reporting modified episode lengths and rewards, if other wrappers happen to modify these. Consider wrapping environment first with ``Monitor`` wrapper.
  warnings.warn(
C:\Users\rahul\AppData\Local\Python\pythoncore-3.14-64\Lib\site-packages\stable_baselines3\common\evaluation.py:70: UserWarning: Evaluation environment is not wrapped with a ``Monitor`` wrapper. This may result in reporting modified episode lengths and rewards, if other wrappers happen to modify these. Consider wrapping environment first with ``Monitor`` wrapper.
  warnings.warn(
C:\Users\rahul\AppData\Local\Python\pythoncore-3.14-64\Lib\site-packages\stable_baselines3\common\evaluation.py:70: UserWarning: Evaluation environment is not wrapped with a ``Monitor`` wrapper. This may result in reporting modified episode lengths and rewards, if other wrappers happen to modify these. Consider wrapping environment first with ``Monitor`` wrapper.
  warnings.warn(
C:\Users\rahul\AppData\Local\Python\pythoncore-3.14-64\Lib\site-packages\stable_baselines3\common\evaluation.py:70: UserWarning: Evaluation environment is not wrapped with a ``Monitor`` wrapper. This may result in reporting modified episode lengths and rewards, if other wrappers happen to modify these. Consider wrapping environment first with ``Monitor`` wrapper.
  warnings.warn(
C:\Users\rahul\AppData\Local\Python\pythoncore-3.14-64\Lib\site-packages\stable_baselines3\common\evaluation.py:70: UserWarning: Evaluation environment is not wrapped with a ``Monitor`` wrapper. This may result in reporting modified episode lengths and rewards, if other wrappers happen to modify these. Consider wrapping environment first with ``Monitor`` wrapper.
  warnings.warn(
C:\Users\rahul\AppData\Local\Python\pythoncore-3.14-64\Lib\site-packages\stable_baselines3\common\evaluation.py:70: UserWarning: Evaluation environment is not wrapped with a ``Monitor`` wrapper. This may result in reporting modified episode lengths and rewards, if other wrappers happen to modify these. Consider wrapping environment first with ``Monitor`` wrapper.
  warnings.warn(
C:\Users\rahul\AppData\Local\Python\pythoncore-3.14-64\Lib\site-packages\stable_baselines3\common\evaluation.py:70: UserWarning: Evaluation environment is not wrapped with a ``Monitor`` wrapper. This may result in reporting modified episode lengths and rewards, if other wrappers happen to modify these. Consider wrapping environment first with ``Monitor`` wrapper.
  warnings.warn(
C:\Users\rahul\AppData\Local\Python\pythoncore-3.14-64\Lib\site-packages\stable_baselines3\common\evaluation.py:70: UserWarning: Evaluation environment is not wrapped with a ``Monitor`` wrapper. This may result in reporting modified episode lengths and rewards, if other wrappers happen to modify these. Consider wrapping environment first with ``Monitor`` wrapper.
  warnings.warn(
C:\Users\rahul\AppData\Local\Python\pythoncore-3.14-64\Lib\site-packages\stable_baselines3\common\evaluation.py:70: UserWarning: Evaluation environment is not wrapped with a ``Monitor`` wrapper. This may result in reporting modified episode lengths and rewards, if other wrappers happen to modify these. Consider wrapping environment first with ``Monitor`` wrapper.
  warnings.warn(
C:\Users\rahul\AppData\Local\Python\pythoncore-3.14-64\Lib\site-packages\stable_baselines3\common\evaluation.py:70: UserWarning: Evaluation environment is not wrapped with a ``Monitor`` wrapper. This may result in reporting modified episode lengths and rewards, if other wrappers happen to modify these. Consider wrapping environment first with ``Monitor`` wrapper.
  warnings.warn(
C:\Users\rahul\AppData\Local\Python\pythoncore-3.14-64\Lib\site-packages\stable_baselines3\common\evaluation.py:70: UserWarning: Evaluation environment is not wrapped with a ``Monitor`` wrapper. This may result in reporting modified episode lengths and rewards, if other wrappers happen to modify these. Consider wrapping environment first with ``Monitor`` wrapper.
  warnings.warn(
C:\Users\rahul\AppData\Local\Python\pythoncore-3.14-64\Lib\site-packages\stable_baselines3\common\evaluation.py:70: UserWarning: Evaluation environment is not wrapped with a ``Monitor`` wrapper. This may result in reporting modified episode lengths and rewards, if other wrappers happen to modify these. Consider wrapping environment first with ``Monitor`` wrapper.
  warnings.warn(
C:\Users\rahul\AppData\Local\Python\pythoncore-3.14-64\Lib\site-packages\stable_baselines3\common\evaluation.py:70: UserWarning: Evaluation environment is not wrapped with a ``Monitor`` wrapper. This may result in reporting modified episode lengths and rewards, if other wrappers happen to modify these. Consider wrapping environment first with ``Monitor`` wrapper.
  warnings.warn(
C:\Users\rahul\AppData\Local\Python\pythoncore-3.14-64\Lib\site-packages\stable_baselines3\common\evaluation.py:70: UserWarning: Evaluation environment is not wrapped with a ``Monitor`` wrapper. This may result in reporting modified episode lengths and rewards, if other wrappers happen to modify these. Consider wrapping environment first with ``Monitor`` wrapper.
  warnings.warn(
C:\Users\rahul\AppData\Local\Python\pythoncore-3.14-64\Lib\site-packages\stable_baselines3\common\evaluation.py:70: UserWarning: Evaluation environment is not wrapped with a ``Monitor`` wrapper. This may result in reporting modified episode lengths and rewards, if other wrappers happen to modify these. Consider wrapping environment first with ``Monitor`` wrapper.
  warnings.warn(
C:\Users\rahul\AppData\Local\Python\pythoncore-3.14-64\Lib\site-packages\stable_baselines3\common\evaluation.py:70: UserWarning: Evaluation environment is not wrapped with a ``Monitor`` wrapper. This may result in reporting modified episode lengths and rewards, if other wrappers happen to modify these. Consider wrapping environment first with ``Monitor`` wrapper.
  warnings.warn(
C:\Users\rahul\AppData\Local\Python\pythoncore-3.14-64\Lib\site-packages\stable_baselines3\common\evaluation.py:70: UserWarning: Evaluation environment is not wrapped with a ``Monitor`` wrapper. This may result in reporting modified episode lengths and rewards, if other wrappers happen to modify these. Consider wrapping environment first with ``Monitor`` wrapper.
  warnings.warn(
C:\Users\rahul\AppData\Local\Python\pythoncore-3.14-64\Lib\site-packages\stable_baselines3\common\evaluation.py:70: UserWarning: Evaluation environment is not wrapped with a ``Monitor`` wrapper. This may result in reporting modified episode lengths and rewards, if other wrappers happen to modify these. Consider wrapping environment first with ``Monitor`` wrapper.
  warnings.warn(
C:\Users\rahul\AppData\Local\Python\pythoncore-3.14-64\Lib\site-packages\stable_baselines3\common\evaluation.py:70: UserWarning: Evaluation environment is not wrapped with a ``Monitor`` wrapper. This may result in reporting modified episode lengths and rewards, if other wrappers happen to modify these. Consider wrapping environment first with ``Monitor`` wrapper.
  warnings.warn(
C:\Users\rahul\AppData\Local\Python\pythoncore-3.14-64\Lib\site-packages\stable_baselines3\common\evaluation.py:70: UserWarning: Evaluation environment is not wrapped with a ``Monitor`` wrapper. This may result in reporting modified episode lengths and rewards, if other wrappers happen to modify these. Consider wrapping environment first with ``Monitor`` wrapper.
  warnings.warn(
C:\Users\rahul\AppData\Local\Python\pythoncore-3.14-64\Lib\site-packages\stable_baselines3\common\evaluation.py:70: UserWarning: Evaluation environment is not wrapped with a ``Monitor`` wrapper. This may result in reporting modified episode lengths and rewards, if other wrappers happen to modify these. Consider wrapping environment first with ``Monitor`` wrapper.
  warnings.warn(
C:\Users\rahul\AppData\Local\Python\pythoncore-3.14-64\Lib\site-packages\stable_baselines3\common\evaluation.py:70: UserWarning: Evaluation environment is not wrapped with a ``Monitor`` wrapper. This may result in reporting modified episode lengths and rewards, if other wrappers happen to modify these. Consider wrapping environment first with ``Monitor`` wrapper.
  warnings.warn(
2026-04-02 09:44:01 [INFO] src.lens1.agent: Lens 1 training complete. Final model saved to C:\RAHUL BOGI\RL_Session Trainings\xauusd_v3\models/lens1\lens1_ppo_final.zip
2026-04-02 09:44:01 [ERROR] __main__: Error in mode 'train-lens1': 'charmap' codec can't encode character '\u2705' in position 2: character maps to <undefined>
Traceback (most recent call last):
  File "C:\RAHUL BOGI\RL_Session Trainings\xauusd_v3\main.py", line 324, in main
    mode_map[args.mode](settings, project_root)
    ~~~~~~~~~~~~~~~~~~~^^^^^^^^^^^^^^^^^^^^^^^^
  File "C:\RAHUL BOGI\RL_Session Trainings\xauusd_v3\main.py", line 84, in cmd_train_lens1
    print("\n\u2705 Lens 1 training complete!")
    ~~~~~^^^^^^^^^^^^^^^^^^^^^^^^^^^^^^^^^^
  File "C:\Users\rahul\AppData\Local\Python\pythoncore-3.14-64\Lib\encodings\cp1252.py", line 19, in encode
    return codecs.charmap_encode(input,self.errors,encoding_table)[0]
           ~~~~~~~~~~~~~~~~~~~~~^^^^^^^^^^^^^^^^^^^^^^^^^^^^^^^^^^
UnicodeEncodeError: 'charmap' codec can't encode character '\u2705' in position 2: character maps to <undefined>
