2026-04-12 19:30:47 [INFO] src.pipeline: ============================================================
2026-04-12 19:30:47 [INFO] src.pipeline: DATA PIPELINE
2026-04-12 19:30:47 [INFO] src.pipeline: ============================================================
2026-04-12 19:30:47 [INFO] src.pipeline: 
--- Loading M5 data ---
2026-04-12 19:30:47 [INFO] src.data.ingest: Loading processed data from C:\RAHUL BOGI\RL_Session Trainings\xauusd_v3\data\processed\xauusd_M5.parquet
2026-04-12 19:30:48 [INFO] src.data.ingest:   226080 bars, 2022-01-03 00:00:00+00:00 to 2025-01-03 23:55:00+00:00
2026-04-12 19:30:48 [INFO] src.data.validator:   [XAUUSD_M5] Dropped 25 zero/neg volume rows
2026-04-12 19:30:49 [WARNING] src.data.validator:   [XAUUSD_M5] Found 156 gaps > 3× median interval (median=0 days 00:05:00, threshold=0 days 00:15:00)
2026-04-12 19:30:49 [WARNING] src.data.validator:     Gap at 2022-01-10 00:00:00+00:00: 2 days 00:05:00
2026-04-12 19:30:49 [WARNING] src.data.validator:     Gap at 2022-01-17 00:00:00+00:00: 2 days 00:05:00
2026-04-12 19:30:49 [WARNING] src.data.validator:     Gap at 2022-01-24 00:00:00+00:00: 2 days 00:05:00
2026-04-12 19:30:49 [WARNING] src.data.validator:     Gap at 2022-01-31 00:00:00+00:00: 2 days 00:05:00
2026-04-12 19:30:49 [WARNING] src.data.validator:     Gap at 2022-02-07 00:00:00+00:00: 2 days 00:05:00
2026-04-12 19:30:49 [WARNING] src.data.validator:     ... and 151 more gaps
2026-04-12 19:30:49 [INFO] src.data.validator:   [XAUUSD_M5] Validation complete: 226055 clean bars, 2022-01-03 00:00:00+00:00 to 2025-01-03 23:55:00+00:00
2026-04-12 19:30:49 [WARNING] src.data.indicators: pandas-ta not installed, computing indicators manually
2026-04-12 19:30:50 [INFO] src.pipeline:   M5: 226055 bars, 785 trading days
2026-04-12 19:30:50 [INFO] src.pipeline: 
--- Loading M15 data ---
2026-04-12 19:30:50 [INFO] src.data.ingest: Loading processed data from C:\RAHUL BOGI\RL_Session Trainings\xauusd_v3\data\processed\xauusd_M15.parquet
2026-04-12 19:30:50 [INFO] src.data.ingest:   75360 bars, 2022-01-03 00:00:00+00:00 to 2025-01-03 23:45:00+00:00
2026-04-12 19:30:50 [INFO] src.data.validator:   [XAUUSD_M15] Dropped 14 zero/neg volume rows
2026-04-12 19:30:50 [WARNING] src.data.validator:   [XAUUSD_M15] Found 156 gaps > 3× median interval (median=0 days 00:15:00, threshold=0 days 00:45:00)
2026-04-12 19:30:50 [WARNING] src.data.validator:     Gap at 2022-01-10 00:00:00+00:00: 2 days 00:15:00
2026-04-12 19:30:50 [WARNING] src.data.validator:     Gap at 2022-01-17 00:00:00+00:00: 2 days 00:15:00
2026-04-12 19:30:50 [WARNING] src.data.validator:     Gap at 2022-01-24 00:00:00+00:00: 2 days 00:15:00
2026-04-12 19:30:50 [WARNING] src.data.validator:     Gap at 2022-01-31 00:00:00+00:00: 2 days 00:15:00
2026-04-12 19:30:50 [WARNING] src.data.validator:     Gap at 2022-02-07 00:00:00+00:00: 2 days 00:15:00
2026-04-12 19:30:50 [WARNING] src.data.validator:     ... and 151 more gaps
2026-04-12 19:30:50 [INFO] src.data.validator:   [XAUUSD_M15] Validation complete: 75346 clean bars, 2022-01-03 00:00:00+00:00 to 2025-01-03 23:45:00+00:00
2026-04-12 19:30:50 [WARNING] src.data.indicators: pandas-ta not installed, computing indicators manually
2026-04-12 19:30:50 [INFO] src.pipeline:   M15: 75346 bars, 785 trading days
2026-04-12 19:30:50 [INFO] src.data.validator:   Train:    49910 bars (520 days)
2026-04-12 19:30:50 [INFO] src.data.validator:   Validate: 12478 bars (130 days)
2026-04-12 19:30:50 [INFO] src.data.validator:   Test:     12670 bars (132 days)
2026-04-12 19:31:13 [INFO] src.pipeline: 
Pipeline summary:
2026-04-12 19:31:13 [INFO] src.pipeline:   Train days:    520
2026-04-12 19:31:13 [INFO] src.pipeline:   Validate days: 130
2026-04-12 19:31:13 [INFO] src.pipeline:   Test days:     132
2026-04-12 19:31:13 [INFO] src.pipeline:   Total:         782
2026-04-12 19:31:13 [INFO] src.pipeline: Loaded 95 news dates from calendar
2026-04-12 19:31:13 [INFO] src.pipeline: ============================================================
2026-04-12 19:31:13 [INFO] src.pipeline: STEP 3: TRAINING LENS 2 — NY EXECUTOR
2026-04-12 19:31:13 [INFO] src.pipeline: ============================================================
2026-04-12 19:31:53 [INFO] src.lens2.agent: Resumed Lens 2 MaskablePPO agent from C:\RAHUL BOGI\RL_Session Trainings\xauusd_v3\models\lens2_retrain_500k_after_lens1\best\best_model.zip
2026-04-12 19:31:53 [INFO] src.lens2.agent: Created Lens 2 MaskablePPO agent (n_envs=4):
2026-04-12 19:31:53 [INFO] src.lens2.agent:   Policy: MlpPolicy, arch=[256, 128, 64]
2026-04-12 19:31:53 [INFO] src.lens2.agent:   LR=0.0003, n_steps=2048, batch=64
2026-04-12 19:31:53 [ERROR] __main__: Error in mode 'train-lens2': 'Lens2Config' object has no attribute 'eval_episodes'
Traceback (most recent call last):
  File "C:\RAHUL BOGI\RL_Session Trainings\xauusd_v3\main.py", line 368, in main
    mode_map[args.mode](settings, project_root)
    ~~~~~~~~~~~~~~~~~~~^^^^^^^^^^^^^^^^^^^^^^^^
  File "C:\RAHUL BOGI\RL_Session Trainings\xauusd_v3\main.py", line 143, in cmd_train_lens2
    model, env = run_lens2_training(settings, data, lens1_model, project_root, news_dates)
                 ~~~~~~~~~~~~~~~~~~^^^^^^^^^^^^^^^^^^^^^^^^^^^^^^^^^^^^^^^^^^^^^^^^^^^^^^^
  File "C:\RAHUL BOGI\RL_Session Trainings\xauusd_v3\src\pipeline.py", line 237, in run_lens2_training
    model = train_lens2(
        model,
    ...<4 lines>...
        reset_num_timesteps=resume_path is None,
    )
  File "C:\RAHUL BOGI\RL_Session Trainings\xauusd_v3\src\lens2\agent.py", line 377, in train_lens2
    eval_episodes = 5 if cfg is None else cfg.eval_episodes
                                          ^^^^^^^^^^^^^^^^^
AttributeError: 'Lens2Config' object has no attribute 'eval_episodes'
