
============================================================
XAUUSD v3 Two-Lens SMC Trading Engine
Mode: train-lens2
Project root: C:\RAHUL BOGI\RL_Session Trainings\xauusd_v3
============================================================

Logging to C:\RAHUL BOGI\RL_Session Trainings\xauusd_v3\output\tensorboard\lens2\MaskablePPO_2
----------------------------------
| session/            |          |
|    london_range_pts | 19.7     |
| time/               |          |
|    fps              | 9        |
|    iterations       | 1        |
|    time_elapsed     | 214      |
|    total_timesteps  | 977048   |
----------------------------------
-----------------------------------------
| session/                |             |
|    london_range_pts     | 20.8        |
| time/                   |             |
|    fps                  | 8           |
|    iterations           | 2           |
|    time_elapsed         | 472         |
|    total_timesteps      | 979096      |
| train/                  |             |
|    approx_kl            | 0.013036756 |
|    clip_fraction        | 0.0619      |
|    clip_range           | 0.2         |
|    entropy_loss         | -0.101      |
|    explained_variance   | 0.749       |
|    learning_rate        | 0.0003      |
|    loss                 | 0.00207     |
|    n_updates            | 4740        |
|    policy_gradient_loss | -0.017      |
|    value_loss           | 0.119       |
-----------------------------------------
------------------------------------------------------
| policy/                              |             |
|    ent_coef                          | 0.01        |
|    hold_rate_500                     | 0.943       |
| session/                             |             |
|    london_range_pts                  | 25.4        |
| time/                                |             |
|    fps                               | 8           |
|    iterations                        | 3           |
|    time_elapsed                      | 765         |
|    total_timesteps                   | 981144      |
| trade/                               |             |
|    avg_first_trade_duration_min      | 153         |
|    avg_first_trade_entry_delay_an... | 235         |
|    episode_pnl                       | 1.14        |
|    first_trade_is_ny_open_rate       | 0.111       |
|    first_trade_matches_intent_rate   | 0.444       |
|    first_trade_pnl                   | 3.4         |
|    first_trade_win_rate              | 0.667       |
|    ny_open_trade_rate                | 0.02        |
|    pnl_continuation_days             | 1.18        |
|    pnl_sweep_high_days               | 1.16        |
|    pnl_sweep_low_days                | 1.01        |
|    trades_per_episode                | 0.32        |
|    win_rate                          | 0.889       |
|    win_rate_continuation             | 0.138       |
|    win_rate_sweep_days               | 0.19        |
| train/                               |             |
|    approx_kl                         | 0.006020338 |
|    clip_fraction                     | 0.0353      |
|    clip_range                        | 0.2         |
|    entropy_loss                      | -0.0542     |
|    explained_variance                | 0.708       |
|    learning_rate                     | 0.0003      |
|    loss                              | 0.0174      |
|    n_updates                         | 4750        |
|    policy_gradient_loss              | -0.0121     |
|    value_loss                        | 0.123       |
------------------------------------------------------
----------------------------------------
| session/                |            |
|    london_range_pts     | 40.2       |
| time/                   |            |
|    fps                  | 7          |
|    iterations           | 4          |
|    time_elapsed         | 1091       |
|    total_timesteps      | 983192     |
| train/                  |            |
|    approx_kl            | 0.01333371 |
|    clip_fraction        | 0.0575     |
|    clip_range           | 0.2        |
|    entropy_loss         | -0.0779    |
|    explained_variance   | 0.657      |
|    learning_rate        | 0.0003     |
|    loss                 | 0.0133     |
|    n_updates            | 4760       |
|    policy_gradient_loss | -0.0227    |
|    value_loss           | 0.155      |
----------------------------------------
------------------------------------------------------
| policy/                              |             |
|    ent_coef                          | 0.01        |
|    hold_rate_500                     | 0.927       |
| session/                             |             |
|    london_range_pts                  | 23          |
| time/                                |             |
|    fps                               | 7           |
|    iterations                        | 5           |
|    time_elapsed                      | 1457        |
|    total_timesteps                   | 985240      |
| trade/                               |             |
|    avg_first_trade_duration_min      | 210         |
|    avg_first_trade_entry_delay_an... | 186         |
|    episode_pnl                       | 0.376       |
|    first_trade_is_ny_open_rate       | 0.2         |
|    first_trade_matches_intent_rate   | 0.4         |
|    first_trade_pnl                   | 5.49        |
|    first_trade_win_rate              | 1           |
|    ny_open_trade_rate                | 0.02        |
|    pnl_continuation_days             | 0.4         |
|    pnl_sweep_high_days               | 1           |
|    pnl_sweep_low_days                | -1.1        |
|    trades_per_episode                | 0.14        |
|    win_rate                          | 0.8         |
|    win_rate_continuation             | 0.0789      |
|    win_rate_sweep_days               | 0.0833      |
| train/                               |             |
|    approx_kl                         | 0.007858522 |
|    clip_fraction                     | 0.0426      |
|    clip_range                        | 0.2         |
|    entropy_loss                      | -0.0685     |
|    explained_variance                | 0.607       |
|    learning_rate                     | 0.0003      |
|    loss                              | 0.0152      |
|    n_updates                         | 4770        |
|    policy_gradient_loss              | -0.0122     |
|    value_loss                        | 0.151       |
------------------------------------------------------
-----------------------------------------
| session/                |             |
|    london_range_pts     | 34.4        |
| time/                   |             |
|    fps                  | 6           |
|    iterations           | 6           |
|    time_elapsed         | 1884        |
|    total_timesteps      | 987288      |
| train/                  |             |
|    approx_kl            | 0.011272527 |
|    clip_fraction        | 0.0473      |
|    clip_range           | 0.2         |
|    entropy_loss         | -0.0655     |
|    explained_variance   | 0.604       |
|    learning_rate        | 0.0003      |
|    loss                 | 0.0234      |
|    n_updates            | 4780        |
|    policy_gradient_loss | -0.0145     |
|    value_loss           | 0.129       |
-----------------------------------------
------------------------------------------
| session/                |              |
|    london_range_pts     | 52.7         |
| time/                   |              |
|    fps                  | 5            |
|    iterations           | 7            |
|    time_elapsed         | 2425         |
|    total_timesteps      | 989336       |
| train/                  |              |
|    approx_kl            | 0.0048079854 |
|    clip_fraction        | 0.0286       |
|    clip_range           | 0.2          |
|    entropy_loss         | -0.0427      |
|    explained_variance   | 0.732        |
|    learning_rate        | 0.0003       |
|    loss                 | 0.0162       |
|    n_updates            | 4790         |
|    policy_gradient_loss | -0.0106      |
|    value_loss           | 0.13         |
------------------------------------------
-------------------------------------------------------
| policy/                              |              |
|    ent_coef                          | 0.01         |
|    hold_rate_500                     | 0.963        |
| session/                             |              |
|    london_range_pts                  | 43           |
| time/                                |              |
|    fps                               | 5            |
|    iterations                        | 8            |
|    time_elapsed                      | 2959         |
|    total_timesteps                   | 991384       |
| trade/                               |              |
|    avg_first_trade_duration_min      | 168          |
|    avg_first_trade_entry_delay_an... | 243          |
|    episode_pnl                       | 1.16         |
|    first_trade_is_ny_open_rate       | 0.273        |
|    first_trade_matches_intent_rate   | 0.545        |
|    first_trade_pnl                   | 2.89         |
|    first_trade_win_rate              | 0.545        |
|    ny_open_trade_rate                | 0.06         |
|    pnl_continuation_days             | 1.46         |
|    pnl_sweep_high_days               | -2.24        |
|    pnl_sweep_low_days                | 0.9          |
|    trades_per_episode                | 0.36         |
|    win_rate                          | 0.545        |
|    win_rate_continuation             | 0.1          |
|    win_rate_sweep_days               | 0.2          |
| train/                               |              |
|    approx_kl                         | 0.0016301854 |
|    clip_fraction                     | 0.0119       |
|    clip_range                        | 0.2          |
|    entropy_loss                      | -0.0173      |
|    explained_variance                | 0.766        |
|    learning_rate                     | 0.0003       |
|    loss                              | 0.0201       |
|    n_updates                         | 4800         |
|    policy_gradient_loss              | -0.00377     |
|    value_loss                        | 0.1          |
-------------------------------------------------------
-----------------------------------------
| session/                |             |
|    london_range_pts     | 17.9        |
| time/                   |             |
|    fps                  | 5           |
|    iterations           | 9           |
|    time_elapsed         | 3500        |
|    total_timesteps      | 993432      |
| train/                  |             |
|    approx_kl            | 0.014638492 |
|    clip_fraction        | 0.0798      |
|    clip_range           | 0.2         |
|    entropy_loss         | -0.126      |
|    explained_variance   | 0.589       |
|    learning_rate        | 0.0003      |
|    loss                 | -0.000163   |
|    n_updates            | 4810        |
|    policy_gradient_loss | -0.0253     |
|    value_loss           | 0.182       |
-----------------------------------------
------------------------------------------------------
| policy/                              |             |
|    ent_coef                          | 0.01        |
|    hold_rate_500                     | 0.923       |
| session/                             |             |
|    london_range_pts                  | 18.2        |
| time/                                |             |
|    fps                               | 5           |
|    iterations                        | 10          |
|    time_elapsed                      | 3837        |
|    total_timesteps                   | 995480      |
| trade/                               |             |
|    avg_first_trade_duration_min      | 176         |
|    avg_first_trade_entry_delay_an... | 257         |
|    episode_pnl                       | 0.991       |
|    first_trade_is_ny_open_rate       | 0.125       |
|    first_trade_matches_intent_rate   | 0.375       |
|    first_trade_pnl                   | 3.03        |
|    first_trade_win_rate              | 0.625       |
|    ny_open_trade_rate                | 0.02        |
|    pnl_continuation_days             | 0.666       |
|    pnl_sweep_high_days               | 1.51        |
|    pnl_sweep_low_days                | 1.72        |
|    trades_per_episode                | 0.26        |
|    win_rate                          | 0.75        |
|    win_rate_continuation             | 0.0606      |
|    win_rate_sweep_days               | 0.235       |
| train/                               |             |
|    approx_kl                         | 0.006465854 |
|    clip_fraction                     | 0.0399      |
|    clip_range                        | 0.2         |
|    entropy_loss                      | -0.0654     |
|    explained_variance                | 0.738       |
|    learning_rate                     | 0.0003      |
|    loss                              | -0.000699   |
|    n_updates                         | 4820        |
|    policy_gradient_loss              | -0.0127     |
|    value_loss                        | 0.159       |
------------------------------------------------------
-----------------------------------------
| session/                |             |
|    london_range_pts     | 29.3        |
| time/                   |             |
|    fps                  | 5           |
|    iterations           | 11          |
|    time_elapsed         | 4205        |
|    total_timesteps      | 997528      |
| train/                  |             |
|    approx_kl            | 0.010997744 |
|    clip_fraction        | 0.0557      |
|    clip_range           | 0.2         |
|    entropy_loss         | -0.0854     |
|    explained_variance   | 0.669       |
|    learning_rate        | 0.0003      |
|    loss                 | 0.00869     |
|    n_updates            | 4830        |
|    policy_gradient_loss | -0.0183     |
|    value_loss           | 0.209       |
-----------------------------------------
------------------------------------------
| session/                |              |
|    london_range_pts     | 20.3         |
| time/                   |              |
|    fps                  | 5            |
|    iterations           | 12           |
|    time_elapsed         | 4587         |
|    total_timesteps      | 999576       |
| train/                  |              |
|    approx_kl            | 0.0114647895 |
|    clip_fraction        | 0.0343       |
|    clip_range           | 0.2          |
|    entropy_loss         | -0.053       |
|    explained_variance   | 0.743        |
|    learning_rate        | 0.0003       |
|    loss                 | 0.0234       |
|    n_updates            | 4840         |
|    policy_gradient_loss | -0.0118      |
|    value_loss           | 0.126        |
------------------------------------------
Eval num_timesteps=1000000, episode_reward=-4.64 +/- 0.17
Episode length: 35.00 +/- 0.00
-------------------------------------------------------
| eval/                                |              |
|    mean_ep_length                    | 35           |
|    mean_reward                       | -4.64        |
| policy/                              |              |
|    ent_coef                          | 0.01         |
|    hold_rate_500                     | 0.951        |
| session/                             |              |
|    london_range_pts                  | 28           |
| time/                                |              |
|    total_timesteps                   | 1000000      |
| trade/                               |              |
|    avg_first_trade_duration_min      | 109          |
|    avg_first_trade_entry_delay_an... | 319          |
|    episode_pnl                       | 1.48         |
|    first_trade_is_ny_open_rate       | 0            |
|    first_trade_matches_intent_rate   | 0.5          |
|    first_trade_pnl                   | 4.04         |
|    first_trade_win_rate              | 0.625        |
|    ny_open_trade_rate                | 0            |
|    pnl_continuation_days             | 2.07         |
|    pnl_sweep_high_days               | 0.608        |
|    pnl_sweep_low_days                | 0.932        |
|    trades_per_episode                | 0.3          |
|    win_rate                          | 0.625        |
|    win_rate_continuation             | 0.0714       |
|    win_rate_sweep_days               | 0.136        |
| train/                               |              |
|    approx_kl                         | 0.0089344885 |
|    clip_fraction                     | 0.0425       |
|    clip_range                        | 0.2          |
|    entropy_loss                      | -0.0613      |
|    explained_variance                | 0.708        |
|    learning_rate                     | 0.0003       |
|    loss                              | 0.00149      |
|    n_updates                         | 4850         |
|    policy_gradient_loss              | -0.0165      |
|    value_loss                        | 0.136        |
| validation/                          |              |
|    acceptance_passed                 | 0            |
|    avg_first_trade_duration_min      | 176          |
|    avg_first_trade_entry_delay_an... | 215          |
|    first_trade_is_ny_open_rate       | 0.294        |
|    first_trade_matches_intent_rate   | 0.529        |
|    first_trade_win_rate              | 64.7         |
|    ny_open_first_trade_win_rate      | 20           |
|    ny_open_trade_rate                | 0.0435       |
|    pnl_continuation_days             | 0.633        |
|    pnl_sweep_low_days                | 0.643        |
|    profit_factor                     | 1.72         |
|    trades_per_episode                | 0.235        |
|    win_rate                          | 33.3         |
|    win_rate_continuation             | 4.82         |
|    win_rate_sweep_days               | 28.1         |
-------------------------------------------------------
New best mean reward!
----------------------------------
| session/            |          |
|    london_range_pts | 19.4     |
| time/               |          |
|    fps              | 5        |
|    iterations       | 13       |
|    time_elapsed     | 5290     |
|    total_timesteps  | 1001624  |
----------------------------------
-----------------------------------------
| session/                |             |
|    london_range_pts     | 29.8        |
| time/                   |             |
|    fps                  | 5           |
|    iterations           | 14          |
|    time_elapsed         | 5725        |
|    total_timesteps      | 1003672     |
| train/                  |             |
|    approx_kl            | 0.013497299 |
|    clip_fraction        | 0.0326      |
|    clip_range           | 0.2         |
|    entropy_loss         | -0.0491     |
|    explained_variance   | 0.635       |
|    learning_rate        | 0.0003      |
|    loss                 | 0.00394     |
|    n_updates            | 4860        |
|    policy_gradient_loss | -0.0115     |
|    value_loss           | 0.101       |
-----------------------------------------
------------------------------------------------------
| policy/                              |             |
|    ent_coef                          | 0.01        |
|    hold_rate_500                     | 0.957       |
| session/                             |             |
|    london_range_pts                  | 20          |
| time/                                |             |
|    fps                               | 4           |
|    iterations                        | 15          |
|    time_elapsed                      | 6194        |
|    total_timesteps                   | 1005720     |
| trade/                               |             |
|    avg_first_trade_duration_min      | 249         |
|    avg_first_trade_entry_delay_an... | 249         |
|    episode_pnl                       | 0.552       |
|    first_trade_is_ny_open_rate       | 0.2         |
|    first_trade_matches_intent_rate   | 0.4         |
|    first_trade_pnl                   | 5.52        |
|    first_trade_win_rate              | 0.8         |
|    ny_open_trade_rate                | 0.02        |
|    pnl_continuation_days             | -0.174      |
|    pnl_sweep_high_days               | 1.62        |
|    pnl_sweep_low_days                | 2.7         |
|    trades_per_episode                | 0.1         |
|    win_rate                          | 0.8         |
|    win_rate_continuation             | 0           |
|    win_rate_sweep_days               | 0.25        |
| train/                               |             |
|    approx_kl                         | 0.012084395 |
|    clip_fraction                     | 0.06        |
|    clip_range                        | 0.2         |
|    entropy_loss                      | -0.0959     |
|    explained_variance                | 0.659       |
|    learning_rate                     | 0.0003      |
|    loss                              | 0.01        |
|    n_updates                         | 4870        |
|    policy_gradient_loss              | -0.018      |
|    value_loss                        | 0.111       |
------------------------------------------------------
-----------------------------------------
| session/                |             |
|    london_range_pts     | 27.2        |
| time/                   |             |
|    fps                  | 4           |
|    iterations           | 16          |
|    time_elapsed         | 6682        |
|    total_timesteps      | 1007768     |
| train/                  |             |
|    approx_kl            | 0.011471296 |
|    clip_fraction        | 0.0427      |
|    clip_range           | 0.2         |
|    entropy_loss         | -0.0501     |
|    explained_variance   | 0.825       |
|    learning_rate        | 0.0003      |
|    loss                 | 0.00834     |
|    n_updates            | 4880        |
|    policy_gradient_loss | -0.0157     |
|    value_loss           | 0.075       |
-----------------------------------------
-----------------------------------------
| session/                |             |
|    london_range_pts     | 19.5        |
| time/                   |             |
|    fps                  | 4           |
|    iterations           | 17          |
|    time_elapsed         | 7186        |
|    total_timesteps      | 1009816     |
| train/                  |             |
|    approx_kl            | 0.011661815 |
|    clip_fraction        | 0.0488      |
|    clip_range           | 0.2         |
|    entropy_loss         | -0.0769     |
|    explained_variance   | 0.671       |
|    learning_rate        | 0.0003      |
|    loss                 | 0.0165      |
|    n_updates            | 4890        |
|    policy_gradient_loss | -0.0137     |
|    value_loss           | 0.134       |
-----------------------------------------
------------------------------------------------------
| policy/                              |             |
|    ent_coef                          | 0.01        |
|    hold_rate_500                     | 0.946       |
| session/                             |             |
|    london_range_pts                  | 42.4        |
| time/                                |             |
|    fps                               | 4           |
|    iterations                        | 18          |
|    time_elapsed                      | 7654        |
|    total_timesteps                   | 1011864     |
| trade/                               |             |
|    avg_first_trade_duration_min      | 192         |
|    avg_first_trade_entry_delay_an... | 211         |
|    episode_pnl                       | 2.15        |
|    first_trade_is_ny_open_rate       | 0.267       |
|    first_trade_matches_intent_rate   | 0.4         |
|    first_trade_pnl                   | 5.29        |
|    first_trade_win_rate              | 0.8         |
|    ny_open_trade_rate                | 0.08        |
|    pnl_continuation_days             | 1.07        |
|    pnl_sweep_high_days               | 5.85        |
|    pnl_sweep_low_days                | 2.29        |
|    trades_per_episode                | 0.5         |
|    win_rate                          | 0.8         |
|    win_rate_continuation             | 0.156       |
|    win_rate_sweep_days               | 0.389       |
| train/                               |             |
|    approx_kl                         | 0.009744821 |
|    clip_fraction                     | 0.0437      |
|    clip_range                        | 0.2         |
|    entropy_loss                      | -0.0711     |
|    explained_variance                | 0.546       |
|    learning_rate                     | 0.0003      |
|    loss                              | 0.0157      |
|    n_updates                         | 4900        |
|    policy_gradient_loss              | -0.0129     |
|    value_loss                        | 0.136       |
------------------------------------------------------
---------------------------------------
| session/                |           |
|    london_range_pts     | 20.2      |
| time/                   |           |
|    fps                  | 4         |
|    iterations           | 19        |
|    time_elapsed         | 8020      |
|    total_timesteps      | 1013912   |
| train/                  |           |
|    approx_kl            | 0.0088057 |
|    clip_fraction        | 0.0403    |
|    clip_range           | 0.2       |
|    entropy_loss         | -0.0562   |
|    explained_variance   | 0.69      |
|    learning_rate        | 0.0003    |
|    loss                 | -0.000748 |
|    n_updates            | 4910      |
|    policy_gradient_loss | -0.0161   |
|    value_loss           | 0.131     |
---------------------------------------
-------------------------------------------------------
| policy/                              |              |
|    ent_coef                          | 0.01         |
|    hold_rate_500                     | 0.958        |
| session/                             |              |
|    london_range_pts                  | 35.2         |
| time/                                |              |
|    fps                               | 4            |
|    iterations                        | 20           |
|    time_elapsed                      | 8394         |
|    total_timesteps                   | 1015960      |
| trade/                               |              |
|    avg_first_trade_duration_min      | 225          |
|    avg_first_trade_entry_delay_an... | 191          |
|    episode_pnl                       | 1.75         |
|    first_trade_is_ny_open_rate       | 0.125        |
|    first_trade_matches_intent_rate   | 0            |
|    first_trade_pnl                   | 7.42         |
|    first_trade_win_rate              | 0.875        |
|    ny_open_trade_rate                | 0.02         |
|    pnl_continuation_days             | 0.972        |
|    pnl_sweep_high_days               | 4.88         |
|    pnl_sweep_low_days                | 0            |
|    trades_per_episode                | 0.26         |
|    win_rate                          | 0.875        |
|    win_rate_continuation             | 0.1          |
|    win_rate_sweep_days               | 0.2          |
| train/                               |              |
|    approx_kl                         | 0.0060038147 |
|    clip_fraction                     | 0.0224       |
|    clip_range                        | 0.2          |
|    entropy_loss                      | -0.0331      |
|    explained_variance                | 0.706        |
|    learning_rate                     | 0.0003       |
|    loss                              | 0.0234       |
|    n_updates                         | 4920         |
|    policy_gradient_loss              | -0.0107      |
|    value_loss                        | 0.103        |
-------------------------------------------------------
-----------------------------------------
| session/                |             |
|    london_range_pts     | 36.4        |
| time/                   |             |
|    fps                  | 4           |
|    iterations           | 21          |
|    time_elapsed         | 8790        |
|    total_timesteps      | 1018008     |
| train/                  |             |
|    approx_kl            | 0.010124335 |
|    clip_fraction        | 0.0346      |
|    clip_range           | 0.2         |
|    entropy_loss         | -0.0541     |
|    explained_variance   | 0.772       |
|    learning_rate        | 0.0003      |
|    loss                 | 0.0168      |
|    n_updates            | 4930        |
|    policy_gradient_loss | -0.0101     |
|    value_loss           | 0.126       |
-----------------------------------------
-------------------------------------------------------
| policy/                              |              |
|    ent_coef                          | 0.01         |
|    hold_rate_500                     | 0.945        |
| session/                             |              |
|    london_range_pts                  | 17.6         |
| time/                                |              |
|    fps                               | 4            |
|    iterations                        | 22           |
|    time_elapsed                      | 9189         |
|    total_timesteps                   | 1020056      |
| trade/                               |              |
|    avg_first_trade_duration_min      | 189          |
|    avg_first_trade_entry_delay_an... | 171          |
|    episode_pnl                       | 1.24         |
|    first_trade_is_ny_open_rate       | 0.143        |
|    first_trade_matches_intent_rate   | 0.571        |
|    first_trade_pnl                   | 6.06         |
|    first_trade_win_rate              | 0.714        |
|    ny_open_trade_rate                | 0.02         |
|    pnl_continuation_days             | 1.51         |
|    pnl_sweep_high_days               | 0.796        |
|    pnl_sweep_low_days                | 0.309        |
|    trades_per_episode                | 0.36         |
|    win_rate                          | 0.857        |
|    win_rate_continuation             | 0.114        |
|    win_rate_sweep_days               | 0.133        |
| train/                               |              |
|    approx_kl                         | 0.0074630016 |
|    clip_fraction                     | 0.0394       |
|    clip_range                        | 0.2          |
|    entropy_loss                      | -0.0579      |
|    explained_variance                | 0.698        |
|    learning_rate                     | 0.0003       |
|    loss                              | 0.003        |
|    n_updates                         | 4940         |
|    policy_gradient_loss              | -0.0152      |
|    value_loss                        | 0.133        |
-------------------------------------------------------
-----------------------------------------
| session/                |             |
|    london_range_pts     | 70.3        |
| time/                   |             |
|    fps                  | 4           |
|    iterations           | 23          |
|    time_elapsed         | 9601        |
|    total_timesteps      | 1022104     |
| train/                  |             |
|    approx_kl            | 0.011244796 |
|    clip_fraction        | 0.0484      |
|    clip_range           | 0.2         |
|    entropy_loss         | -0.0663     |
|    explained_variance   | 0.641       |
|    learning_rate        | 0.0003      |
|    loss                 | -0.00895    |
|    n_updates            | 4950        |
|    policy_gradient_loss | -0.0196     |
|    value_loss           | 0.135       |
-----------------------------------------
------------------------------------------
| session/                |              |
|    london_range_pts     | 29.1         |
| time/                   |              |
|    fps                  | 4            |
|    iterations           | 24           |
|    time_elapsed         | 10033        |
|    total_timesteps      | 1024152      |
| train/                  |              |
|    approx_kl            | 0.0153677855 |
|    clip_fraction        | 0.0613       |
|    clip_range           | 0.2          |
|    entropy_loss         | -0.0928      |
|    explained_variance   | 0.717        |
|    learning_rate        | 0.0003       |
|    loss                 | -0.00691     |
|    n_updates            | 4960         |
|    policy_gradient_loss | -0.0197      |
|    value_loss           | 0.128        |
------------------------------------------
Eval num_timesteps=1025000, episode_reward=-3.97 +/- 1.09
Episode length: 35.00 +/- 0.00
----------------------------------------------------
| eval/                                |           |
|    mean_ep_length                    | 35        |
|    mean_reward                       | -3.97     |
| policy/                              |           |
|    ent_coef                          | 0.01      |
|    hold_rate_500                     | 0.92      |
| session/                             |           |
|    london_range_pts                  | 21.8      |
| time/                                |           |
|    total_timesteps                   | 1025000   |
| trade/                               |           |
|    avg_first_trade_duration_min      | 160       |
|    avg_first_trade_entry_delay_an... | 235       |
|    episode_pnl                       | 1.57      |
|    first_trade_is_ny_open_rate       | 0.182     |
|    first_trade_matches_intent_rate   | 0.455     |
|    first_trade_pnl                   | 4.93      |
|    first_trade_win_rate              | 0.818     |
|    ny_open_trade_rate                | 0.04      |
|    pnl_continuation_days             | 1.04      |
|    pnl_sweep_high_days               | 3.64      |
|    pnl_sweep_low_days                | 2.26      |
|    trades_per_episode                | 0.36      |
|    win_rate                          | 0.909     |
|    win_rate_continuation             | 0.111     |
|    win_rate_sweep_days               | 0.429     |
| train/                               |           |
|    approx_kl                         | 0.0118802 |
|    clip_fraction                     | 0.0645    |
|    clip_range                        | 0.2       |
|    entropy_loss                      | -0.104    |
|    explained_variance                | 0.716     |
|    learning_rate                     | 0.0003    |
|    loss                              | -0.00256  |
|    n_updates                         | 4970      |
|    policy_gradient_loss              | -0.0239   |
|    value_loss                        | 0.16      |
| validation/                          |           |
|    acceptance_passed                 | 0         |
|    avg_first_trade_duration_min      | 174       |
|    avg_first_trade_entry_delay_an... | 234       |
|    first_trade_is_ny_open_rate       | 0.294     |
|    first_trade_matches_intent_rate   | 0.529     |
|    first_trade_win_rate              | 64.7      |
|    ny_open_first_trade_win_rate      | 20        |
|    ny_open_trade_rate                | 0.0435    |
|    pnl_continuation_days             | 0.568     |
|    pnl_sweep_low_days                | 0.643     |
|    profit_factor                     | 2.11      |
|    trades_per_episode                | 0.226     |
|    win_rate                          | 38.5      |
|    win_rate_continuation             | 4.82      |
|    win_rate_sweep_days               | 28.1      |
----------------------------------------------------
New best mean reward!
----------------------------------
| session/            |          |
|    london_range_pts | 15.6     |
| time/               |          |
|    fps              | 4        |
|    iterations       | 25       |
|    time_elapsed     | 10814    |
|    total_timesteps  | 1026200  |
----------------------------------
----------------------------------------
| session/                |            |
|    london_range_pts     | 16.8       |
| time/                   |            |
|    fps                  | 4          |
|    iterations           | 26         |
|    time_elapsed         | 11323      |
|    total_timesteps      | 1028248    |
| train/                  |            |
|    approx_kl            | 0.00785646 |
|    clip_fraction        | 0.0488     |
|    clip_range           | 0.2        |
|    entropy_loss         | -0.0858    |
|    explained_variance   | 0.598      |
|    learning_rate        | 0.0003     |
|    loss                 | 0.0133     |
|    n_updates            | 4980       |
|    policy_gradient_loss | -0.0181    |
|    value_loss           | 0.174      |
----------------------------------------
-------------------------------------------------------
| policy/                              |              |
|    ent_coef                          | 0.01         |
|    hold_rate_500                     | 0.95         |
| session/                             |              |
|    london_range_pts                  | 26.5         |
| time/                                |              |
|    fps                               | 4            |
|    iterations                        | 27           |
|    time_elapsed                      | 11811        |
|    total_timesteps                   | 1030296      |
| trade/                               |              |
|    avg_first_trade_duration_min      | 125          |
|    avg_first_trade_entry_delay_an... | 245          |
|    episode_pnl                       | 1.84         |
|    first_trade_is_ny_open_rate       | 0.333        |
|    first_trade_matches_intent_rate   | 0.667        |
|    first_trade_pnl                   | 4.56         |
|    first_trade_win_rate              | 1            |
|    ny_open_trade_rate                | 0.04         |
|    pnl_continuation_days             | 2.42         |
|    pnl_sweep_high_days               | 1.21         |
|    pnl_sweep_low_days                | 0.401        |
|    trades_per_episode                | 0.26         |
|    win_rate                          | 1            |
|    win_rate_continuation             | 0.0909       |
|    win_rate_sweep_days               | 0.176        |
| train/                               |              |
|    approx_kl                         | 0.0054205786 |
|    clip_fraction                     | 0.036        |
|    clip_range                        | 0.2          |
|    entropy_loss                      | -0.058       |
|    explained_variance                | 0.727        |
|    learning_rate                     | 0.0003       |
|    loss                              | 0.0236       |
|    n_updates                         | 4990         |
|    policy_gradient_loss              | -0.0128      |
|    value_loss                        | 0.13         |
-------------------------------------------------------
-----------------------------------------
| session/                |             |
|    london_range_pts     | 30.7        |
| time/                   |             |
|    fps                  | 4           |
|    iterations           | 28          |
|    time_elapsed         | 12233       |
|    total_timesteps      | 1032344     |
| train/                  |             |
|    approx_kl            | 0.007496772 |
|    clip_fraction        | 0.0355      |
|    clip_range           | 0.2         |
|    entropy_loss         | -0.0546     |
|    explained_variance   | 0.675       |
|    learning_rate        | 0.0003      |
|    loss                 | 0.0163      |
|    n_updates            | 5000        |
|    policy_gradient_loss | -0.0121     |
|    value_loss           | 0.127       |
-----------------------------------------
-----------------------------------------
| session/                |             |
|    london_range_pts     | 19.6        |
| time/                   |             |
|    fps                  | 4           |
|    iterations           | 29          |
|    time_elapsed         | 12649       |
|    total_timesteps      | 1034392     |
| train/                  |             |
|    approx_kl            | 0.010411193 |
|    clip_fraction        | 0.0424      |
|    clip_range           | 0.2         |
|    entropy_loss         | -0.0675     |
|    explained_variance   | 0.684       |
|    learning_rate        | 0.0003      |
|    loss                 | 0.0126      |
|    n_updates            | 5010        |
|    policy_gradient_loss | -0.0152     |
|    value_loss           | 0.152       |
-----------------------------------------
------------------------------------------------------
| policy/                              |             |
|    ent_coef                          | 0.01        |
|    hold_rate_500                     | 0.94        |
| session/                             |             |
|    london_range_pts                  | 39.6        |
| time/                                |             |
|    fps                               | 4           |
|    iterations                        | 30          |
|    time_elapsed                      | 13047       |
|    total_timesteps                   | 1036440     |
| trade/                               |             |
|    avg_first_trade_duration_min      | 171         |
|    avg_first_trade_entry_delay_an... | 300         |
|    episode_pnl                       | 0.485       |
|    first_trade_is_ny_open_rate       | 0           |
|    first_trade_matches_intent_rate   | 0.375       |
|    first_trade_pnl                   | 2.47        |
|    first_trade_win_rate              | 0.5         |
|    ny_open_trade_rate                | 0           |
|    pnl_continuation_days             | 0.388       |
|    pnl_sweep_high_days               | 1.18        |
|    pnl_sweep_low_days                | -0.604      |
|    trades_per_episode                | 0.18        |
|    win_rate                          | 0.5         |
|    win_rate_continuation             | 0.0625      |
|    win_rate_sweep_days               | 0.111       |
| train/                               |             |
|    approx_kl                         | 0.014141336 |
|    clip_fraction                     | 0.0485      |
|    clip_range                        | 0.2         |
|    entropy_loss                      | -0.0698     |
|    explained_variance                | 0.756       |
|    learning_rate                     | 0.0003      |
|    loss                              | 0.000889    |
|    n_updates                         | 5020        |
|    policy_gradient_loss              | -0.0162     |
|    value_loss                        | 0.11        |
------------------------------------------------------
-----------------------------------------
| session/                |             |
|    london_range_pts     | 24.2        |
| time/                   |             |
|    fps                  | 4           |
|    iterations           | 31          |
|    time_elapsed         | 13472       |
|    total_timesteps      | 1038488     |
| train/                  |             |
|    approx_kl            | 0.010384173 |
|    clip_fraction        | 0.0468      |
|    clip_range           | 0.2         |
|    entropy_loss         | -0.066      |
|    explained_variance   | 0.751       |
|    learning_rate        | 0.0003      |
|    loss                 | -0.0114     |
|    n_updates            | 5030        |
|    policy_gradient_loss | -0.0165     |
|    value_loss           | 0.113       |
-----------------------------------------
------------------------------------------------------
| policy/                              |             |
|    ent_coef                          | 0.01        |
|    hold_rate_500                     | 0.951       |
| session/                             |             |
|    london_range_pts                  | 39.9        |
| time/                                |             |
|    fps                               | 3           |
|    iterations                        | 32          |
|    time_elapsed                      | 18193       |
|    total_timesteps                   | 1040536     |
| trade/                               |             |
|    avg_first_trade_duration_min      | 208         |
|    avg_first_trade_entry_delay_an... | 215         |
|    episode_pnl                       | 0.43        |
|    first_trade_is_ny_open_rate       | 0.222       |
|    first_trade_matches_intent_rate   | 0.556       |
|    first_trade_pnl                   | 0.872       |
|    first_trade_win_rate              | 0.333       |
|    ny_open_trade_rate                | 0.04        |
|    pnl_continuation_days             | 0.805       |
|    pnl_sweep_high_days               | -0.453      |
|    pnl_sweep_low_days                | -0.124      |
|    trades_per_episode                | 0.26        |
|    win_rate                          | 0.444       |
|    win_rate_continuation             | 0.0909      |
|    win_rate_sweep_days               | 0.0588      |
| train/                               |             |
|    approx_kl                         | 0.014442856 |
|    clip_fraction                     | 0.0445      |
|    clip_range                        | 0.2         |
|    entropy_loss                      | -0.0575     |
|    explained_variance                | 0.656       |
|    learning_rate                     | 0.0003      |
|    loss                              | 0.0269      |
|    n_updates                         | 5040        |
|    policy_gradient_loss              | -0.0163     |
|    value_loss                        | 0.146       |
------------------------------------------------------
-----------------------------------------
| session/                |             |
|    london_range_pts     | 30.5        |
| time/                   |             |
|    fps                  | 3           |
|    iterations           | 33          |
|    time_elapsed         | 18800       |
|    total_timesteps      | 1042584     |
| train/                  |             |
|    approx_kl            | 0.010259223 |
|    clip_fraction        | 0.043       |
|    clip_range           | 0.2         |
|    entropy_loss         | -0.0655     |
|    explained_variance   | 0.515       |
|    learning_rate        | 0.0003      |
|    loss                 | 0.00711     |
|    n_updates            | 5050        |
|    policy_gradient_loss | -0.0138     |
|    value_loss           | 0.142       |
-----------------------------------------
-----------------------------------------
| session/                |             |
|    london_range_pts     | 39.2        |
| time/                   |             |
|    fps                  | 3           |
|    iterations           | 34          |
|    time_elapsed         | 19385       |
|    total_timesteps      | 1044632     |
| train/                  |             |
|    approx_kl            | 0.016192347 |
|    clip_fraction        | 0.0456      |
|    clip_range           | 0.2         |
|    entropy_loss         | -0.058      |
|    explained_variance   | 0.719       |
|    learning_rate        | 0.0003      |
|    loss                 | 0.00545     |
|    n_updates            | 5060        |
|    policy_gradient_loss | -0.0159     |
|    value_loss           | 0.112       |
-----------------------------------------
------------------------------------------------------
| policy/                              |             |
|    ent_coef                          | 0.01        |
|    hold_rate_500                     | 0.942       |
| session/                             |             |
|    london_range_pts                  | 26.3        |
| time/                                |             |
|    fps                               | 3           |
|    iterations                        | 35          |
|    time_elapsed                      | 19996       |
|    total_timesteps                   | 1046680     |
| trade/                               |             |
|    avg_first_trade_duration_min      | 148         |
|    avg_first_trade_entry_delay_an... | 268         |
|    episode_pnl                       | 0.152       |
|    first_trade_is_ny_open_rate       | 0.167       |
|    first_trade_matches_intent_rate   | 0.167       |
|    first_trade_pnl                   | 0.218       |
|    first_trade_win_rate              | 0.333       |
|    ny_open_trade_rate                | 0.02        |
|    pnl_continuation_days             | 0.0362      |
|    pnl_sweep_high_days               | 0.879       |
|    pnl_sweep_low_days                | -0.665      |
|    trades_per_episode                | 0.2         |
|    win_rate                          | 0.5         |
|    win_rate_continuation             | 0.0588      |
|    win_rate_sweep_days               | 0.0625      |
| train/                               |             |
|    approx_kl                         | 0.013559411 |
|    clip_fraction                     | 0.0652      |
|    clip_range                        | 0.2         |
|    entropy_loss                      | -0.11       |
|    explained_variance                | 0.503       |
|    learning_rate                     | 0.0003      |
|    loss                              | 0.00264     |
|    n_updates                         | 5070        |
|    policy_gradient_loss              | -0.0208     |
|    value_loss                        | 0.175       |
------------------------------------------------------
-----------------------------------------
| session/                |             |
|    london_range_pts     | 15.2        |
| time/                   |             |
|    fps                  | 3           |
|    iterations           | 36          |
|    time_elapsed         | 20630       |
|    total_timesteps      | 1048728     |
| train/                  |             |
|    approx_kl            | 0.013549546 |
|    clip_fraction        | 0.0461      |
|    clip_range           | 0.2         |
|    entropy_loss         | -0.0761     |
|    explained_variance   | 0.658       |
|    learning_rate        | 0.0003      |
|    loss                 | -0.00997    |
|    n_updates            | 5080        |
|    policy_gradient_loss | -0.0151     |
|    value_loss           | 0.13        |
-----------------------------------------
Eval num_timesteps=1050000, episode_reward=-4.16 +/- 0.78
Episode length: 35.00 +/- 0.00
------------------------------------------------------
| eval/                                |             |
|    mean_ep_length                    | 35          |
|    mean_reward                       | -4.16       |
| policy/                              |             |
|    ent_coef                          | 0.01        |
|    hold_rate_500                     | 0.943       |
| session/                             |             |
|    london_range_pts                  | 20.8        |
| time/                                |             |
|    total_timesteps                   | 1050000     |
| trade/                               |             |
|    avg_first_trade_duration_min      | 184         |
|    avg_first_trade_entry_delay_an... | 217         |
|    episode_pnl                       | 1.45        |
|    first_trade_is_ny_open_rate       | 0.182       |
|    first_trade_matches_intent_rate   | 0.455       |
|    first_trade_pnl                   | 2.95        |
|    first_trade_win_rate              | 0.636       |
|    ny_open_trade_rate                | 0.04        |
|    pnl_continuation_days             | 1.65        |
|    pnl_sweep_high_days               | -0.361      |
|    pnl_sweep_low_days                | 1.65        |
|    trades_per_episode                | 0.4         |
|    win_rate                          | 0.636       |
|    win_rate_continuation             | 0.0909      |
|    win_rate_sweep_days               | 0.235       |
| train/                               |             |
|    approx_kl                         | 0.010160024 |
|    clip_fraction                     | 0.0519      |
|    clip_range                        | 0.2         |
|    entropy_loss                      | -0.088      |
|    explained_variance                | 0.573       |
|    learning_rate                     | 0.0003      |
|    loss                              | 0.0179      |
|    n_updates                         | 5090        |
|    policy_gradient_loss              | -0.0171     |
|    value_loss                        | 0.173       |
| validation/                          |             |
|    acceptance_passed                 | 0           |
|    avg_first_trade_duration_min      | 180         |
|    avg_first_trade_entry_delay_an... | 226         |
|    first_trade_is_ny_open_rate       | 0.294       |
|    first_trade_matches_intent_rate   | 0.529       |
|    first_trade_win_rate              | 64.7        |
|    ny_open_first_trade_win_rate      | 20          |
|    ny_open_trade_rate                | 0.0435      |
|    pnl_continuation_days             | 0.578       |
|    pnl_sweep_low_days                | 0.643       |
|    profit_factor                     | 1.72        |
|    trades_per_episode                | 0.226       |
|    win_rate                          | 34.6        |
|    win_rate_continuation             | 4.82        |
|    win_rate_sweep_days               | 28.1        |
------------------------------------------------------
----------------------------------
| session/            |          |
|    london_range_pts | 24.3     |
| time/               |          |
|    fps              | 3        |
|    iterations       | 37       |
|    time_elapsed     | 21796    |
|    total_timesteps  | 1050776  |
----------------------------------
------------------------------------------
| session/                |              |
|    london_range_pts     | 27.1         |
| time/                   |              |
|    fps                  | 3            |
|    iterations           | 38           |
|    time_elapsed         | 22450        |
|    total_timesteps      | 1052824      |
| train/                  |              |
|    approx_kl            | 0.0053967414 |
|    clip_fraction        | 0.028        |
|    clip_range           | 0.2          |
|    entropy_loss         | -0.0449      |
|    explained_variance   | 0.731        |
|    learning_rate        | 0.0003       |
|    loss                 | 0.00633      |
|    n_updates            | 5100         |
|    policy_gradient_loss | -0.00928     |
|    value_loss           | 0.114        |
------------------------------------------
-----------------------------------------
| session/                |             |
|    london_range_pts     | 21.8        |
| time/                   |             |
|    fps                  | 3           |
|    iterations           | 39          |
|    time_elapsed         | 23142       |
|    total_timesteps      | 1054872     |
| train/                  |             |
|    approx_kl            | 0.012269102 |
|    clip_fraction        | 0.0571      |
|    clip_range           | 0.2         |
|    entropy_loss         | -0.0809     |
|    explained_variance   | 0.691       |
|    learning_rate        | 0.0003      |
|    loss                 | -0.00877    |
|    n_updates            | 5110        |
|    policy_gradient_loss | -0.0192     |
|    value_loss           | 0.14        |
-----------------------------------------
-----------------------------------------------------
| policy/                              |            |
|    ent_coef                          | 0.01       |
|    hold_rate_500                     | 0.934      |
| session/                             |            |
|    london_range_pts                  | 37.1       |
| time/                                |            |
|    fps                               | 3          |
|    iterations                        | 40         |
|    time_elapsed                      | 23916      |
|    total_timesteps                   | 1056920    |
| trade/                               |            |
|    avg_first_trade_duration_min      | 165        |
|    avg_first_trade_entry_delay_an... | 206        |
|    episode_pnl                       | 1.05       |
|    first_trade_is_ny_open_rate       | 0.3        |
|    first_trade_matches_intent_rate   | 0.3        |
|    first_trade_pnl                   | 2.51       |
|    first_trade_win_rate              | 0.6        |
|    ny_open_trade_rate                | 0.06       |
|    pnl_continuation_days             | 1.12       |
|    pnl_sweep_high_days               | 0.946      |
|    pnl_sweep_low_days                | 0.938      |
|    trades_per_episode                | 0.36       |
|    win_rate                          | 0.6        |
|    win_rate_continuation             | 0.0968     |
|    win_rate_sweep_days               | 0.158      |
| train/                               |            |
|    approx_kl                         | 0.01416027 |
|    clip_fraction                     | 0.0639     |
|    clip_range                        | 0.2        |
|    entropy_loss                      | -0.0964    |
|    explained_variance                | 0.695      |
|    learning_rate                     | 0.0003     |
|    loss                              | 0.0211     |
|    n_updates                         | 5120       |
|    policy_gradient_loss              | -0.0176    |
|    value_loss                        | 0.164      |
-----------------------------------------------------
-----------------------------------------
| session/                |             |
|    london_range_pts     | 18.7        |
| time/                   |             |
|    fps                  | 3           |
|    iterations           | 41          |
|    time_elapsed         | 25195       |
|    total_timesteps      | 1058968     |
| train/                  |             |
|    approx_kl            | 0.009362321 |
|    clip_fraction        | 0.0339      |
|    clip_range           | 0.2         |
|    entropy_loss         | -0.048      |
|    explained_variance   | 0.736       |
|    learning_rate        | 0.0003      |
|    loss                 | 0.0108      |
|    n_updates            | 5130        |
|    policy_gradient_loss | -0.014      |
|    value_loss           | 0.146       |
-----------------------------------------
------------------------------------------------------
| policy/                              |             |
|    ent_coef                          | 0.01        |
|    hold_rate_500                     | 0.942       |
| session/                             |             |
|    london_range_pts                  | 32.3        |
| time/                                |             |
|    fps                               | 3           |
|    iterations                        | 42          |
|    time_elapsed                      | 26698       |
|    total_timesteps                   | 1061016     |
| trade/                               |             |
|    avg_first_trade_duration_min      | 144         |
|    avg_first_trade_entry_delay_an... | 281         |
|    episode_pnl                       | 0.632       |
|    first_trade_is_ny_open_rate       | 0.125       |
|    first_trade_matches_intent_rate   | 0.5         |
|    first_trade_pnl                   | 2.62        |
|    first_trade_win_rate              | 0.625       |
|    ny_open_trade_rate                | 0.02        |
|    pnl_continuation_days             | 0.402       |
|    pnl_sweep_high_days               | -0.0214     |
|    pnl_sweep_low_days                | 4.55        |
|    trades_per_episode                | 0.22        |
|    win_rate                          | 0.625       |
|    win_rate_continuation             | 0.0294      |
|    win_rate_sweep_days               | 0.25        |
| train/                               |             |
|    approx_kl                         | 0.014928417 |
|    clip_fraction                     | 0.0471      |
|    clip_range                        | 0.2         |
|    entropy_loss                      | -0.0667     |
|    explained_variance                | 0.661       |
|    learning_rate                     | 0.0003      |
|    loss                              | 0.0188      |
|    n_updates                         | 5140        |
|    policy_gradient_loss              | -0.0171     |
|    value_loss                        | 0.145       |
------------------------------------------------------
------------------------------------------
| session/                |              |
|    london_range_pts     | 29.5         |
| time/                   |              |
|    fps                  | 3            |
|    iterations           | 43           |
|    time_elapsed         | 28159        |
|    total_timesteps      | 1063064      |
| train/                  |              |
|    approx_kl            | 0.0077878386 |
|    clip_fraction        | 0.0392       |
|    clip_range           | 0.2          |
|    entropy_loss         | -0.0496      |
|    explained_variance   | 0.633        |
|    learning_rate        | 0.0003       |
|    loss                 | -0.00817     |
|    n_updates            | 5150         |
|    policy_gradient_loss | -0.0133      |
|    value_loss           | 0.109        |
------------------------------------------
------------------------------------------------------
| policy/                              |             |
|    ent_coef                          | 0.01        |
|    hold_rate_500                     | 0.955       |
| session/                             |             |
|    london_range_pts                  | 21.8        |
| time/                                |             |
|    fps                               | 3           |
|    iterations                        | 44          |
|    time_elapsed                      | 29469       |
|    total_timesteps                   | 1065112     |
| trade/                               |             |
|    avg_first_trade_duration_min      | 137         |
|    avg_first_trade_entry_delay_an... | 291         |
|    episode_pnl                       | 1.49        |
|    first_trade_is_ny_open_rate       | 0           |
|    first_trade_matches_intent_rate   | 0.429       |
|    first_trade_pnl                   | 4.95        |
|    first_trade_win_rate              | 0.857       |
|    ny_open_trade_rate                | 0           |
|    pnl_continuation_days             | 1.88        |
|    pnl_sweep_high_days               | 1.19        |
|    pnl_sweep_low_days                | -0.604      |
|    trades_per_episode                | 0.28        |
|    win_rate                          | 0.714       |
|    win_rate_continuation             | 0.111       |
|    win_rate_sweep_days               | 0.0714      |
| train/                               |             |
|    approx_kl                         | 0.010620124 |
|    clip_fraction                     | 0.0411      |
|    clip_range                        | 0.2         |
|    entropy_loss                      | -0.0632     |
|    explained_variance                | 0.586       |
|    learning_rate                     | 0.0003      |
|    loss                              | 0.0237      |
|    n_updates                         | 5160        |
|    policy_gradient_loss              | -0.0136     |
|    value_loss                        | 0.158       |
------------------------------------------------------
------------------------------------------
| session/                |              |
|    london_range_pts     | 26           |
| time/                   |              |
|    fps                  | 3            |
|    iterations           | 45           |
|    time_elapsed         | 30564        |
|    total_timesteps      | 1067160      |
| train/                  |              |
|    approx_kl            | 0.0102604665 |
|    clip_fraction        | 0.043        |
|    clip_range           | 0.2          |
|    entropy_loss         | -0.0617      |
|    explained_variance   | 0.723        |
|    learning_rate        | 0.0003       |
|    loss                 | 0.00203      |
|    n_updates            | 5170         |
|    policy_gradient_loss | -0.0157      |
|    value_loss           | 0.186        |
------------------------------------------
-----------------------------------------
| session/                |             |
|    london_range_pts     | 29.7        |
| time/                   |             |
|    fps                  | 2           |
|    iterations           | 46          |
|    time_elapsed         | 31504       |
|    total_timesteps      | 1069208     |
| train/                  |             |
|    approx_kl            | 0.008112838 |
|    clip_fraction        | 0.0391      |
|    clip_range           | 0.2         |
|    entropy_loss         | -0.0573     |
|    explained_variance   | 0.768       |
|    learning_rate        | 0.0003      |
|    loss                 | 0.00149     |
|    n_updates            | 5180        |
|    policy_gradient_loss | -0.0142     |
|    value_loss           | 0.119       |
-----------------------------------------
------------------------------------------------------
| policy/                              |             |
|    ent_coef                          | 0.01        |
|    hold_rate_500                     | 0.946       |
| session/                             |             |
|    london_range_pts                  | 40.8        |
| time/                                |             |
|    fps                               | 2           |
|    iterations                        | 47          |
|    time_elapsed                      | 33228       |
|    total_timesteps                   | 1071256     |
| trade/                               |             |
|    avg_first_trade_duration_min      | 202         |
|    avg_first_trade_entry_delay_an... | 192         |
|    episode_pnl                       | 1.69        |
|    first_trade_is_ny_open_rate       | 0.333       |
|    first_trade_matches_intent_rate   | 0.5         |
|    first_trade_pnl                   | 4.39        |
|    first_trade_win_rate              | 0.75        |
|    ny_open_trade_rate                | 0.08        |
|    pnl_continuation_days             | 0.974       |
|    pnl_sweep_high_days               | 3.95        |
|    pnl_sweep_low_days                | 1.28        |
|    trades_per_episode                | 0.44        |
|    win_rate                          | 0.833       |
|    win_rate_continuation             | 0.1         |
|    win_rate_sweep_days               | 0.35        |
| train/                               |             |
|    approx_kl                         | 0.011932562 |
|    clip_fraction                     | 0.0466      |
|    clip_range                        | 0.2         |
|    entropy_loss                      | -0.0656     |
|    explained_variance                | 0.684       |
|    learning_rate                     | 0.0003      |
|    loss                              | 0.0204      |
|    n_updates                         | 5190        |
|    policy_gradient_loss              | -0.0122     |
|    value_loss                        | 0.141       |
------------------------------------------------------
------------------------------------------
| session/                |              |
|    london_range_pts     | 44.9         |
| time/                   |              |
|    fps                  | 2            |
|    iterations           | 48           |
|    time_elapsed         | 34723        |
|    total_timesteps      | 1073304      |
| train/                  |              |
|    approx_kl            | 0.0114836935 |
|    clip_fraction        | 0.0509       |
|    clip_range           | 0.2          |
|    entropy_loss         | -0.078       |
|    explained_variance   | 0.641        |
|    learning_rate        | 0.0003       |
|    loss                 | 0.0044       |
|    n_updates            | 5200         |
|    policy_gradient_loss | -0.0192      |
|    value_loss           | 0.182        |
------------------------------------------
Eval num_timesteps=1075000, episode_reward=-4.33 +/- 0.53
Episode length: 35.00 +/- 0.00
-------------------------------------------------------
| eval/                                |              |
|    mean_ep_length                    | 35           |
|    mean_reward                       | -4.33        |
| policy/                              |              |
|    ent_coef                          | 0.01         |
|    hold_rate_500                     | 0.952        |
| session/                             |              |
|    london_range_pts                  | 18.6         |
| time/                                |              |
|    total_timesteps                   | 1075000      |
| trade/                               |              |
|    avg_first_trade_duration_min      | 143          |
|    avg_first_trade_entry_delay_an... | 305          |
|    episode_pnl                       | 1.81         |
|    first_trade_is_ny_open_rate       | 0            |
|    first_trade_matches_intent_rate   | 0.333        |
|    first_trade_pnl                   | 4.3          |
|    first_trade_win_rate              | 0.667        |
|    ny_open_trade_rate                | 0            |
|    pnl_continuation_days             | 1.48         |
|    pnl_sweep_high_days               | 3.02         |
|    pnl_sweep_low_days                | 2.07         |
|    trades_per_episode                | 0.28         |
|    win_rate                          | 0.889        |
|    win_rate_continuation             | 0.0909       |
|    win_rate_sweep_days               | 0.294        |
| train/                               |              |
|    approx_kl                         | 0.0071717445 |
|    clip_fraction                     | 0.0386       |
|    clip_range                        | 0.2          |
|    entropy_loss                      | -0.0587      |
|    explained_variance                | 0.723        |
|    learning_rate                     | 0.0003       |
|    loss                              | 0.00989      |
|    n_updates                         | 5210         |
|    policy_gradient_loss              | -0.0113      |
|    value_loss                        | 0.11         |
| validation/                          |              |
|    acceptance_passed                 | 0            |
|    avg_first_trade_duration_min      | 183          |
|    avg_first_trade_entry_delay_an... | 218          |
|    first_trade_is_ny_open_rate       | 0.312        |
|    first_trade_matches_intent_rate   | 0.5          |
|    first_trade_win_rate              | 62.5         |
|    ny_open_first_trade_win_rate      | 20           |
|    ny_open_trade_rate                | 0.0435       |
|    pnl_continuation_days             | 0.578        |
|    pnl_sweep_low_days                | 0.643        |
|    profit_factor                     | 1.79         |
|    trades_per_episode                | 0.209        |
|    win_rate                          | 33.3         |
|    win_rate_continuation             | 4.82         |
|    win_rate_sweep_days               | 21.9         |
-------------------------------------------------------
----------------------------------
| session/            |          |
|    london_range_pts | 30.2     |
| time/               |          |
|    fps              | 2        |
|    iterations       | 49       |
|    time_elapsed     | 36767    |
|    total_timesteps  | 1075352  |
----------------------------------
------------------------------------------
| session/                |              |
|    london_range_pts     | 25.8         |
| time/                   |              |
|    fps                  | 2            |
|    iterations           | 50           |
|    time_elapsed         | 38082        |
|    total_timesteps      | 1077400      |
| train/                  |              |
|    approx_kl            | 0.0071445843 |
|    clip_fraction        | 0.0393       |
|    clip_range           | 0.2          |
|    entropy_loss         | -0.0635      |
|    explained_variance   | 0.748        |
|    learning_rate        | 0.0003       |
|    loss                 | 0.0432       |
|    n_updates            | 5220         |
|    policy_gradient_loss | -0.0139      |
|    value_loss           | 0.176        |
------------------------------------------
-----------------------------------------
| session/                |             |
|    london_range_pts     | 44.8        |
| time/                   |             |
|    fps                  | 2           |
|    iterations           | 51          |
|    time_elapsed         | 39697       |
|    total_timesteps      | 1079448     |
| train/                  |             |
|    approx_kl            | 0.013866598 |
|    clip_fraction        | 0.0475      |
|    clip_range           | 0.2         |
|    entropy_loss         | -0.0694     |
|    explained_variance   | 0.804       |
|    learning_rate        | 0.0003      |
|    loss                 | 0.0156      |
|    n_updates            | 5230        |
|    policy_gradient_loss | -0.0158     |
|    value_loss           | 0.0978      |
-----------------------------------------
------------------------------------------------------
| policy/                              |             |
|    ent_coef                          | 0.01        |
|    hold_rate_500                     | 0.937       |
| session/                             |             |
|    london_range_pts                  | 27.3        |
| time/                                |             |
|    fps                               | 2           |
|    iterations                        | 52          |
|    time_elapsed                      | 41330       |
|    total_timesteps                   | 1081496     |
| trade/                               |             |
|    avg_first_trade_duration_min      | 150         |
|    avg_first_trade_entry_delay_an... | 269         |
|    episode_pnl                       | 1.17        |
|    first_trade_is_ny_open_rate       | 0.0909      |
|    first_trade_matches_intent_rate   | 0.455       |
|    first_trade_pnl                   | 3.7         |
|    first_trade_win_rate              | 0.727       |
|    ny_open_trade_rate                | 0.02        |
|    pnl_continuation_days             | 0.621       |
|    pnl_sweep_high_days               | 3.43        |
|    pnl_sweep_low_days                | 0           |
|    trades_per_episode                | 0.28        |
|    win_rate                          | 0.818       |
|    win_rate_continuation             | 0.128       |
|    win_rate_sweep_days               | 0.364       |
| train/                               |             |
|    approx_kl                         | 0.012779054 |
|    clip_fraction                     | 0.0566      |
|    clip_range                        | 0.2         |
|    entropy_loss                      | -0.0861     |
|    explained_variance                | 0.675       |
|    learning_rate                     | 0.0003      |
|    loss                              | -0.0104     |
|    n_updates                         | 5240        |
|    policy_gradient_loss              | -0.0202     |
|    value_loss                        | 0.158       |
------------------------------------------------------
------------------------------------------
| session/                |              |
|    london_range_pts     | 19.7         |
| time/                   |              |
|    fps                  | 2            |
|    iterations           | 53           |
|    time_elapsed         | 42909        |
|    total_timesteps      | 1083544      |
| train/                  |              |
|    approx_kl            | 0.0069637084 |
|    clip_fraction        | 0.0368       |
|    clip_range           | 0.2          |
|    entropy_loss         | -0.0526      |
|    explained_variance   | 0.75         |
|    learning_rate        | 0.0003       |
|    loss                 | 0.0132       |
|    n_updates            | 5250         |
|    policy_gradient_loss | -0.0135      |
|    value_loss           | 0.119        |
------------------------------------------
-------------------------------------------------------
| policy/                              |              |
|    ent_coef                          | 0.01         |
|    hold_rate_500                     | 0.957        |
| session/                             |              |
|    london_range_pts                  | 20.3         |
| time/                                |              |
|    fps                               | 2            |
|    iterations                        | 54           |
|    time_elapsed                      | 44428        |
|    total_timesteps                   | 1085592      |
| trade/                               |              |
|    avg_first_trade_duration_min      | 131          |
|    avg_first_trade_entry_delay_an... | 237          |
|    episode_pnl                       | 1.57         |
|    first_trade_is_ny_open_rate       | 0.0909       |
|    first_trade_matches_intent_rate   | 0.182        |
|    first_trade_pnl                   | 3.14         |
|    first_trade_win_rate              | 0.636        |
|    ny_open_trade_rate                | 0.02         |
|    pnl_continuation_days             | 1.11         |
|    pnl_sweep_high_days               | 1.32         |
|    pnl_sweep_low_days                | 3.11         |
|    trades_per_episode                | 0.38         |
|    win_rate                          | 0.727        |
|    win_rate_continuation             | 0.111        |
|    win_rate_sweep_days               | 0.217        |
| train/                               |              |
|    approx_kl                         | 0.0104486905 |
|    clip_fraction                     | 0.0413       |
|    clip_range                        | 0.2          |
|    entropy_loss                      | -0.0634      |
|    explained_variance                | 0.666        |
|    learning_rate                     | 0.0003       |
|    loss                              | 0.015        |
|    n_updates                         | 5260         |
|    policy_gradient_loss              | -0.0148      |
|    value_loss                        | 0.124        |
-------------------------------------------------------
